Archive member included to satisfy reference by file (symbol)

Y:\academic\UfG\LINOBYTE\repo\Firmware\Firmware-Prototype\Linobyte\ArduinoCore\Debug\libArduinoCore.a(cortex_handlers.o)
                              (Reset_Handler)
Y:\academic\UfG\LINOBYTE\repo\Firmware\Firmware-Prototype\Linobyte\ArduinoCore\Debug\libArduinoCore.a(delay.o)
                              Sketch.o (delay)
Y:\academic\UfG\LINOBYTE\repo\Firmware\Firmware-Prototype\Linobyte\ArduinoCore\Debug\libArduinoCore.a(hooks.o)
                              Y:\academic\UfG\LINOBYTE\repo\Firmware\Firmware-Prototype\Linobyte\ArduinoCore\Debug\libArduinoCore.a(delay.o) (yield)
Y:\academic\UfG\LINOBYTE\repo\Firmware\Firmware-Prototype\Linobyte\ArduinoCore\Debug\libArduinoCore.a(main.o)
                              c:/program files (x86)/atmel/studio/7.0/toolchain/arm/arm-gnu-toolchain/bin/../lib/gcc/arm-none-eabi/6.3.1/../../../../arm-none-eabi/lib/thumb/v6-m/crt0.o (main)
Y:\academic\UfG\LINOBYTE\repo\Firmware\Firmware-Prototype\Linobyte\ArduinoCore\Debug\libArduinoCore.a(Reset.o)
                              Y:\academic\UfG\LINOBYTE\repo\Firmware\Firmware-Prototype\Linobyte\ArduinoCore\Debug\libArduinoCore.a(delay.o) (tickReset)
Y:\academic\UfG\LINOBYTE\repo\Firmware\Firmware-Prototype\Linobyte\ArduinoCore\Debug\libArduinoCore.a(startup.o)
                              Y:\academic\UfG\LINOBYTE\repo\Firmware\Firmware-Prototype\Linobyte\ArduinoCore\Debug\libArduinoCore.a(cortex_handlers.o) (SystemInit)
Y:\academic\UfG\LINOBYTE\repo\Firmware\Firmware-Prototype\Linobyte\ArduinoCore\Debug\libArduinoCore.a(USBCore.o)
                              Y:\academic\UfG\LINOBYTE\repo\Firmware\Firmware-Prototype\Linobyte\ArduinoCore\Debug\libArduinoCore.a(main.o) (USBDeviceClass::init())
Y:\academic\UfG\LINOBYTE\repo\Firmware\Firmware-Prototype\Linobyte\ArduinoCore\Debug\libArduinoCore.a(wiring.o)
                              Y:\academic\UfG\LINOBYTE\repo\Firmware\Firmware-Prototype\Linobyte\ArduinoCore\Debug\libArduinoCore.a(main.o) (init)
Y:\academic\UfG\LINOBYTE\repo\Firmware\Firmware-Prototype\Linobyte\ArduinoCore\Debug\libArduinoCore.a(wiring_analog.o)
                              Y:\academic\UfG\LINOBYTE\repo\Firmware\Firmware-Prototype\Linobyte\ArduinoCore\Debug\libArduinoCore.a(wiring.o) (analogReference)
Y:\academic\UfG\LINOBYTE\repo\Firmware\Firmware-Prototype\Linobyte\ArduinoCore\Debug\libArduinoCore.a(wiring_digital.o)
                              Sketch.o (pinMode)
Y:\academic\UfG\LINOBYTE\repo\Firmware\Firmware-Prototype\Linobyte\ArduinoCore\Debug\libArduinoCore.a(wiring_private.o)
                              Y:\academic\UfG\LINOBYTE\repo\Firmware\Firmware-Prototype\Linobyte\ArduinoCore\Debug\libArduinoCore.a(wiring_analog.o) (pinPeripheral)
Y:\academic\UfG\LINOBYTE\repo\Firmware\Firmware-Prototype\Linobyte\ArduinoCore\Debug\libArduinoCore.a(variant.o)
                              Y:\academic\UfG\LINOBYTE\repo\Firmware\Firmware-Prototype\Linobyte\ArduinoCore\Debug\libArduinoCore.a(wiring_analog.o) (g_apTCInstances)
Y:\academic\UfG\LINOBYTE\repo\Firmware\Firmware-Prototype\Linobyte\ArduinoCore\Debug\libArduinoCore.a(new.o)
                              Y:\academic\UfG\LINOBYTE\repo\Firmware\Firmware-Prototype\Linobyte\ArduinoCore\Debug\libArduinoCore.a(USBCore.o) (operator new(unsigned int))
Y:\academic\UfG\LINOBYTE\repo\Firmware\Firmware-Prototype\Linobyte\ArduinoCore\Debug\libArduinoCore.a(SERCOM.o)
                              Y:\academic\UfG\LINOBYTE\repo\Firmware\Firmware-Prototype\Linobyte\ArduinoCore\Debug\libArduinoCore.a(variant.o) (SERCOM::SERCOM(Sercom*))
Y:\academic\UfG\LINOBYTE\repo\Firmware\Firmware-Prototype\Linobyte\ArduinoCore\Debug\libArduinoCore.a(Uart.o)
                              Y:\academic\UfG\LINOBYTE\repo\Firmware\Firmware-Prototype\Linobyte\ArduinoCore\Debug\libArduinoCore.a(variant.o) (Uart::Uart(SERCOM*, unsigned char, unsigned char, SercomRXPad, SercomUartTXPad))
Y:\academic\UfG\LINOBYTE\repo\Firmware\Firmware-Prototype\Linobyte\ArduinoCore\Debug\libArduinoCore.a(CDC.o)
                              Y:\academic\UfG\LINOBYTE\repo\Firmware\Firmware-Prototype\Linobyte\ArduinoCore\Debug\libArduinoCore.a(USBCore.o) (CDC_GetInterface(unsigned char*))
Y:\academic\UfG\LINOBYTE\repo\Firmware\Firmware-Prototype\Linobyte\ArduinoCore\Debug\libArduinoCore.a(PluggableUSB.o)
                              Y:\academic\UfG\LINOBYTE\repo\Firmware\Firmware-Prototype\Linobyte\ArduinoCore\Debug\libArduinoCore.a(USBCore.o) (PluggableUSB_::getInterface(unsigned char*))
Y:\academic\UfG\LINOBYTE\repo\Firmware\Firmware-Prototype\Linobyte\ArduinoCore\Debug\libArduinoCore.a(Print.o)
                              Y:\academic\UfG\LINOBYTE\repo\Firmware\Firmware-Prototype\Linobyte\ArduinoCore\Debug\libArduinoCore.a(Uart.o) (Print::write(unsigned char const*, unsigned int))
Y:\academic\UfG\LINOBYTE\repo\Firmware\Firmware-Prototype\Linobyte\ArduinoCore\Debug\libArduinoCore.a(abi.o)
[...]
Memory Configuration

Name             Origin             Length             Attributes
FLASH            0x00000000         0x00040000         xr
RAM              0x20000000         0x00008000         xrw
*default*        0x00000000         0xffffffff

Linker script and memory map

LOAD c:/program files (x86)/atmel/studio/7.0/toolchain/arm/arm-gnu-toolchain/bin/../lib/gcc/arm-none-eabi/6.3.1/thumb/v6-m/crti.o
LOAD c:/program files (x86)/atmel/studio/7.0/toolchain/arm/arm-gnu-toolchain/bin/../lib/gcc/arm-none-eabi/6.3.1/thumb/v6-m/crtbegin.o
LOAD c:/program files (x86)/atmel/studio/7.0/toolchain/arm/arm-gnu-toolchain/bin/../lib/gcc/arm-none-eabi/6.3.1/../../../../arm-none-eabi/lib/thumb/v6-m/crt0.o
LOAD Sketch.o
START GROUP
LOAD Y:\academic\UfG\LINOBYTE\repo\Firmware\Firmware-Prototype\Linobyte\ArduinoCore\Debug\libArduinoCore.a
END GROUP
LOAD c:/program files (x86)/atmel/studio/7.0/toolchain/arm/arm-gnu-toolchain/bin/../lib/gcc/arm-none-eabi/6.3.1/../../../../arm-none-eabi/lib/thumb/v6-m\libstdc++_nano.a
LOAD c:/program files (x86)/atmel/studio/7.0/toolchain/arm/arm-gnu-toolchain/bin/../lib/gcc/arm-none-eabi/6.3.1/../../../../arm-none-eabi/lib/thumb/v6-m\libm.a
START GROUP
LOAD c:/program files (x86)/atmel/studio/7.0/toolchain/arm/arm-gnu-toolchain/bin/../lib/gcc/arm-none-eabi/6.3.1/thumb/v6-m\libgcc.a
LOAD c:/program files (x86)/atmel/studio/7.0/toolchain/arm/arm-gnu-toolchain/bin/../lib/gcc/arm-none-eabi/6.3.1/../../../../arm-none-eabi/lib/thumb/v6-m\libc_nano.a
END GROUP
START GROUP
LOAD c:/program files (x86)/atmel/studio/7.0/toolchain/arm/arm-gnu-toolchain/bin/../lib/gcc/arm-none-eabi/6.3.1/thumb/v6-m\libgcc.a
LOAD c:/program files (x86)/atmel/studio/7.0/toolchain/arm/arm-gnu-toolchain/bin/../lib/gcc/arm-none-eabi/6.3.1/../../../../arm-none-eabi/lib/thumb/v6-m\libc_nano.a
LOAD c:/program files (x86)/atmel/studio/7.0/toolchain/arm/arm-gnu-toolchain/bin/../lib/gcc/arm-none-eabi/6.3.1/../../../../arm-none-eabi/lib/thumb/v6-m\libnosys.a
END GROUP
START GROUP
LOAD c:/program files (x86)/atmel/studio/7.0/toolchain/arm/arm-gnu-toolchain/bin/../lib/gcc/arm-none-eabi/6.3.1/thumb/v6-m\libgcc.a
LOAD c:/program files (x86)/atmel/studio/7.0/toolchain/arm/arm-gnu-toolchain/bin/../lib/gcc/arm-none-eabi/6.3.1/../../../../arm-none-eabi/lib/thumb/v6-m\libc_nano.a
LOAD c:/program files (x86)/atmel/studio/7.0/toolchain/arm/arm-gnu-toolchain/bin/../lib/gcc/arm-none-eabi/6.3.1/../../../../arm-none-eabi/lib/thumb/v6-m\libnosys.a
END GROUP
LOAD c:/program files (x86)/atmel/studio/7.0/toolchain/arm/arm-gnu-toolchain/bin/../lib/gcc/arm-none-eabi/6.3.1/thumb/v6-m/crtend.o
LOAD c:/program files (x86)/atmel/studio/7.0/toolchain/arm/arm-gnu-toolchain/bin/../lib/gcc/arm-none-eabi/6.3.1/thumb/v6-m/crtn.o

.text           0x00000000     0x2780
                0x00000000                __text_start__ = .
 *(.isr_vector)
 .isr_vector    0x00000000       0xb4 Y:\academic\UfG\LINOBYTE\repo\Firmware\Firmware-Prototype\Linobyte\ArduinoCore\Debug\libArduinoCore.a(cortex_handlers.o)
                0x00000000                exception_table
 *(.text*)
 .text          0x000000b4       0x60 c:/program files (x86)/atmel/studio/7.0/toolchain/arm/arm-gnu-toolchain/bin/../lib/gcc/arm-none-eabi/6.3.1/thumb/v6-m/crtbegin.o
 .text._Z10enableChari
                0x00000114       0x70 Sketch.o
                0x00000114                enableChar(int)
 .text.setup    0x00000184       0x2c Sketch.o
                0x00000184                setup
 .text.loop     0x000001b0       0x18 Sketch.o
                0x000001b0                loop
 .text.Dummy_Handler
                0x000001c8        0x4 Y:\academic\UfG\LINOBYTE\repo\Firmware\Firmware-Prototype\Linobyte\ArduinoCore\Debug\libArduinoCore.a(cortex_handlers.o)
                0x000001c8                DMAC_Handler
                0x000001c8                HardFault_Handler
                0x000001c8                AC_Handler
                0x000001c8                PendSV_Handler
                0x000001c8                NMI_Handler
                0x000001c8                TC7_Handler
                0x000001c8                SERCOM1_Handler
                0x000001c8                ADC_Handler
                0x000001c8                TCC1_Handler
                0x000001c8                SERCOM2_Handler
                0x000001c8                TCC0_Handler
                0x000001c8                RTC_Handler
                0x000001c8                EIC_Handler
                0x000001c8                TC6_Handler
                0x000001c8                WDT_Handler
                0x000001c8                TC4_Handler
                0x000001c8                TC3_Handler
                0x000001c8                Dummy_Handler
                0x000001c8                PM_Handler
                0x000001c8                SVC_Handler
                0x000001c8                TCC2_Handler
                0x000001c8                EVSYS_Handler
                0x000001c8                SERCOM3_Handler
                0x000001c8                SERCOM4_Handler
                0x000001c8                I2S_Handler
                0x000001c8                NVMCTRL_Handler
                0x000001c8                DAC_Handler
                0x000001c8                PTC_Handler
                0x000001c8                SYSCTRL_Handler
 .text.USB_Handler
                0x000001cc       0x14 Y:\academic\UfG\LINOBYTE\repo\Firmware\Firmware-Prototype\Linobyte\ArduinoCore\Debug\libArduinoCore.a(cortex_handlers.o)
                0x000001cc                USB_Handler
 .text.Reset_Handler
                0x000001e0       0x54 Y:\academic\UfG\LINOBYTE\repo\Firmware\Firmware-Prototype\Linobyte\ArduinoCore\Debug\libArduinoCore.a(cortex_handlers.o)
                0x000001e0                Reset_Handler
 .text.SysTick_Handler
                0x00000234       0x10 Y:\academic\UfG\LINOBYTE\repo\Firmware\Firmware-Prototype\Linobyte\ArduinoCore\Debug\libArduinoCore.a(cortex_handlers.o)
                0x00000234                SysTick_Handler
 .text.USB_SetHandler
                0x00000244        0xc Y:\academic\UfG\LINOBYTE\repo\Firmware\Firmware-Prototype\Linobyte\ArduinoCore\Debug\libArduinoCore.a(cortex_handlers.o)
                0x00000244                USB_SetHandler
 .text.delay    0x00000250       0x1c Y:\academic\UfG\LINOBYTE\repo\Firmware\Firmware-Prototype\Linobyte\ArduinoCore\Debug\libArduinoCore.a(delay.o)
                0x00000250                delay
 .text.SysTick_DefaultHandler
                0x0000026c       0x14 Y:\academic\UfG\LINOBYTE\repo\Firmware\Firmware-Prototype\Linobyte\ArduinoCore\Debug\libArduinoCore.a(delay.o)
                0x0000026c                SysTick_DefaultHandler
 .text.__empty  0x00000280        0x2 Y:\academic\UfG\LINOBYTE\repo\Firmware\Firmware-Prototype\Linobyte\ArduinoCore\Debug\libArduinoCore.a(hooks.o)
                0x00000280                yield
 .text.__false  0x00000282        0x4 Y:\academic\UfG\LINOBYTE\repo\Firmware\Firmware-Prototype\Linobyte\ArduinoCore\Debug\libArduinoCore.a(hooks.o)
                0x00000282                sysTickHook
 .text._Z11initVariantv
                0x00000286        0x2 Y:\academic\UfG\LINOBYTE\repo\Firmware\Firmware-Prototype\Linobyte\ArduinoCore\Debug\libArduinoCore.a(main.o)
                0x00000286                initVariant()
 .text.startup.main
                0x00000288       0x40 Y:\academic\UfG\LINOBYTE\repo\Firmware\Firmware-Prototype\Linobyte\ArduinoCore\Debug\libArduinoCore.a(main.o)
                0x00000288                main
 .text.initiateReset
                0x000002c8        0xc Y:\academic\UfG\LINOBYTE\repo\Firmware\Firmware-Prototype\Linobyte\ArduinoCore\Debug\libArduinoCore.a(Reset.o)
                0x000002c8                initiateReset
 .text.cancelReset
                0x000002d4       0x10 Y:\academic\UfG\LINOBYTE\repo\Firmware\Firmware-Prototype\Linobyte\ArduinoCore\Debug\libArduinoCore.a(Reset.o)
                0x000002d4                cancelReset
 .text.tickReset
                0x000002e4       0x78 Y:\academic\UfG\LINOBYTE\repo\Firmware\Firmware-Prototype\Linobyte\ArduinoCore\Debug\libArduinoCore.a(Reset.o)
                0x000002e4                tickReset
 .text.SystemInit
                0x0000035c      0x160 Y:\academic\UfG\LINOBYTE\repo\Firmware\Firmware-Prototype\Linobyte\ArduinoCore\Debug\libArduinoCore.a(startup.o)
                0x0000035c                SystemInit
 .text._ZL5utox8mPc
                0x000004bc       0x24 Y:\academic\UfG\LINOBYTE\repo\Firmware\Firmware-Prototype\Linobyte\ArduinoCore\Debug\libArduinoCore.a(USBCore.o)
 .text._ZN14USBDeviceClass6initEPEmm.part.5
                0x000004e0       0xd0 Y:\academic\UfG\LINOBYTE\repo\Firmware\Firmware-Prototype\Linobyte\ArduinoCore\Debug\libArduinoCore.a(USBCore.o)
 .text._ZN20USBDevice_SAMD21G18x5resetEv
                0x000005b0       0x24 Y:\academic\UfG\LINOBYTE\repo\Firmware\Firmware-Prototype\Linobyte\ArduinoCore\Debug\libArduinoCore.a(USBCore.o)
                0x000005b0                USBDevice_SAMD21G18x::reset()
 .text._ZN20USBDevice_SAMD21G18x9calibrateEv
                0x000005d4       0x60 Y:\academic\UfG\LINOBYTE\repo\Firmware\Firmware-Prototype\Linobyte\ArduinoCore\Debug\libArduinoCore.a(USBCore.o)
                0x000005d4                USBDevice_SAMD21G18x::calibrate()
 .text._ZN7__GuardC2Ev
                0x00000634        0xe Y:\academic\UfG\LINOBYTE\repo\Firmware\Firmware-Prototype\Linobyte\ArduinoCore\Debug\libArduinoCore.a(USBCore.o)
                0x00000634                __Guard::__Guard()
                0x00000634                __Guard::__Guard()
 .text._ZN7__GuardD2Ev
                0x00000642        0xe Y:\academic\UfG\LINOBYTE\repo\Firmware\Firmware-Prototype\Linobyte\ArduinoCore\Debug\libArduinoCore.a(USBCore.o)
                0x00000642                __Guard::~__Guard()
                0x00000642                __Guard::~__Guard()
 .text._ZNK26DoubleBufferedEPOutHandler9availableEv
                0x00000650       0x5e Y:\academic\UfG\LINOBYTE\repo\Firmware\Firmware-Prototype\Linobyte\ArduinoCore\Debug\libArduinoCore.a(USBCore.o)
                0x00000650                DoubleBufferedEPOutHandler::available() const
 *fill*         0x000006ae        0x2 
 .text._ZN26DoubleBufferedEPOutHandler7releaseEv
                0x000006b0       0x44 Y:\academic\UfG\LINOBYTE\repo\Firmware\Firmware-Prototype\Linobyte\ArduinoCore\Debug\libArduinoCore.a(USBCore.o)
                0x000006b0                DoubleBufferedEPOutHandler::release()
 .text._ZN26DoubleBufferedEPOutHandler4recvEPvm
                0x000006f4      0x11e Y:\academic\UfG\LINOBYTE\repo\Firmware\Firmware-Prototype\Linobyte\ArduinoCore\Debug\libArduinoCore.a(USBCore.o)
                0x000006f4                DoubleBufferedEPOutHandler::recv(void*, unsigned long)
 .text._ZN26DoubleBufferedEPOutHandler14handleEndpointEv
                0x00000812       0xba Y:\academic\UfG\LINOBYTE\repo\Firmware\Firmware-Prototype\Linobyte\ArduinoCore\Debug\libArduinoCore.a(USBCore.o)
                0x00000812                DoubleBufferedEPOutHandler::handleEndpoint()
 .text._ZN14USBDeviceClass14SendInterfacesEPm
                0x000008cc       0x2c Y:\academic\UfG\LINOBYTE\repo\Firmware\Firmware-Prototype\Linobyte\ArduinoCore\Debug\libArduinoCore.a(USBCore.o)
                0x000008cc                USBDeviceClass::SendInterfaces(unsigned long*)
 .text._ZN14USBDeviceClass14handleEndpointEh
                0x000008f8       0x44 Y:\academic\UfG\LINOBYTE\repo\Firmware\Firmware-Prototype\Linobyte\ArduinoCore\Debug\libArduinoCore.a(USBCore.o)
                0x000008f8                USBDeviceClass::handleEndpoint(unsigned char)
 .text._ZN14USBDeviceClass4initEv
                0x0000093c       0xf0 Y:\academic\UfG\LINOBYTE\repo\Firmware\Firmware-Prototype\Linobyte\ArduinoCore\Debug\libArduinoCore.a(USBCore.o)
                0x0000093c                USBDeviceClass::init()
 .text._ZN14USBDeviceClass6attachEv
                0x00000a2c       0x34 Y:\academic\UfG\LINOBYTE\repo\Firmware\Firmware-Prototype\Linobyte\ArduinoCore\Debug\libArduinoCore.a(USBCore.o)
                0x00000a2c                USBDeviceClass::attach()
 .text._ZN14USBDeviceClass10setAddressEm
                0x00000a60       0x48 Y:\academic\UfG\LINOBYTE\repo\Firmware\Firmware-Prototype\Linobyte\ArduinoCore\Debug\libArduinoCore.a(USBCore.o)
                0x00000a60                USBDeviceClass::setAddress(unsigned long)
 .text._ZN14USBDeviceClass25handleClassInterfaceSetupER8USBSetup
                0x00000aa8       0x44 Y:\academic\UfG\LINOBYTE\repo\Firmware\Firmware-Prototype\Linobyte\ArduinoCore\Debug\libArduinoCore.a(USBCore.o)
                0x00000aa8                USBDeviceClass::handleClassInterfaceSetup(USBSetup&)
 .text._ZN14USBDeviceClass6initEPEmm
                0x00000aec       0xe8 Y:\academic\UfG\LINOBYTE\repo\Firmware\Firmware-Prototype\Linobyte\ArduinoCore\Debug\libArduinoCore.a(USBCore.o)
                0x00000aec                USBDeviceClass::initEP(unsigned long, unsigned long)
 .text._ZN14USBDeviceClass13initEndpointsEv
                0x00000bd4       0x24 Y:\academic\UfG\LINOBYTE\repo\Firmware\Firmware-Prototype\Linobyte\ArduinoCore\Debug\libArduinoCore.a(USBCore.o)
                0x00000bd4                USBDeviceClass::initEndpoints()
 .text._ZN14USBDeviceClass9availableEm
                0x00000bf8       0x2c Y:\academic\UfG\LINOBYTE\repo\Firmware\Firmware-Prototype\Linobyte\ArduinoCore\Debug\libArduinoCore.a(USBCore.o)
                0x00000bf8                USBDeviceClass::available(unsigned long)
 .text._ZN14USBDeviceClass5flushEm
                0x00000c24       0x2c Y:\academic\UfG\LINOBYTE\repo\Firmware\Firmware-Prototype\Linobyte\ArduinoCore\Debug\libArduinoCore.a(USBCore.o)
                0x00000c24                USBDeviceClass::flush(unsigned long)
 .text._ZN14USBDeviceClass14armRecvCtrlOUTEm
                0x00000c50       0x5c Y:\academic\UfG\LINOBYTE\repo\Firmware\Firmware-Prototype\Linobyte\ArduinoCore\Debug\libArduinoCore.a(USBCore.o)
                0x00000c50                USBDeviceClass::armRecvCtrlOUT(unsigned long)
 .text._ZN14USBDeviceClass11recvControlEPvm
                0x00000cac       0x3c Y:\academic\UfG\LINOBYTE\repo\Firmware\Firmware-Prototype\Linobyte\ArduinoCore\Debug\libArduinoCore.a(USBCore.o)
                0x00000cac                USBDeviceClass::recvControl(void*, unsigned long)
 .text._ZN14USBDeviceClass7armRecvEm
                0x00000ce8       0x38 Y:\academic\UfG\LINOBYTE\repo\Firmware\Firmware-Prototype\Linobyte\ArduinoCore\Debug\libArduinoCore.a(USBCore.o)
                0x00000ce8                USBDeviceClass::armRecv(unsigned long)
 .text._ZN14USBDeviceClass4recvEmPvm
                0x00000d20       0xdc Y:\academic\UfG\LINOBYTE\repo\Firmware\Firmware-Prototype\Linobyte\ArduinoCore\Debug\libArduinoCore.a(USBCore.o)
                0x00000d20                USBDeviceClass::recv(unsigned long, void*, unsigned long)
 .text._ZN14USBDeviceClass4recvEm
                0x00000dfc       0x1c Y:\academic\UfG\LINOBYTE\repo\Firmware\Firmware-Prototype\Linobyte\ArduinoCore\Debug\libArduinoCore.a(USBCore.o)
                0x00000dfc                USBDeviceClass::recv(unsigned long)
 .text._ZN14USBDeviceClass4sendEmPKvm
                0x00000e18      0x110 Y:\academic\UfG\LINOBYTE\repo\Firmware\Firmware-Prototype\Linobyte\ArduinoCore\Debug\libArduinoCore.a(USBCore.o)
                0x00000e18                USBDeviceClass::send(unsigned long, void const*, unsigned long)
 .text._ZN14USBDeviceClass7armSendEmPKvm
                0x00000f28       0x48 Y:\academic\UfG\LINOBYTE\repo\Firmware\Firmware-Prototype\Linobyte\ArduinoCore\Debug\libArduinoCore.a(USBCore.o)
                0x00000f28                USBDeviceClass::armSend(unsigned long, void const*, unsigned long)
 .text._ZN14USBDeviceClass11sendControlEPKvm
                0x00000f70       0x54 Y:\academic\UfG\LINOBYTE\repo\Firmware\Firmware-Prototype\Linobyte\ArduinoCore\Debug\libArduinoCore.a(USBCore.o)
                0x00000f70                USBDeviceClass::sendControl(void const*, unsigned long)
 .text._ZN14USBDeviceClass20sendStringDescriptorEPKhh
                0x00000fc4       0x64 Y:\academic\UfG\LINOBYTE\repo\Firmware\Firmware-Prototype\Linobyte\ArduinoCore\Debug\libArduinoCore.a(USBCore.o)
                0x00000fc4                USBDeviceClass::sendStringDescriptor(unsigned char const*, unsigned char)
 .text._ZN14USBDeviceClass17sendConfigurationEm
                0x00001028       0x94 Y:\academic\UfG\LINOBYTE\repo\Firmware\Firmware-Prototype\Linobyte\ArduinoCore\Debug\libArduinoCore.a(USBCore.o)
                0x00001028                USBDeviceClass::sendConfiguration(unsigned long)
 .text._ZN14USBDeviceClass14sendDescriptorER8USBSetup
                0x000010bc       0xe4 Y:\academic\UfG\LINOBYTE\repo\Firmware\Firmware-Prototype\Linobyte\ArduinoCore\Debug\libArduinoCore.a(USBCore.o)
                0x000010bc                USBDeviceClass::sendDescriptor(USBSetup&)
 .text._ZN14USBDeviceClass19handleStandardSetupER8USBSetup
                0x000011a0      0x108 Y:\academic\UfG\LINOBYTE\repo\Firmware\Firmware-Prototype\Linobyte\ArduinoCore\Debug\libArduinoCore.a(USBCore.o)
                0x000011a0                USBDeviceClass::handleStandardSetup(USBSetup&)
 .text._ZN14USBDeviceClass10ISRHandlerEv
                0x000012a8      0x154 Y:\academic\UfG\LINOBYTE\repo\Firmware\Firmware-Prototype\Linobyte\ArduinoCore\Debug\libArduinoCore.a(USBCore.o)
                0x000012a8                USBDeviceClass::ISRHandler()
 .text.UDD_Handler
                0x000013fc       0x10 Y:\academic\UfG\LINOBYTE\repo\Firmware\Firmware-Prototype\Linobyte\ArduinoCore\Debug\libArduinoCore.a(USBCore.o)
                0x000013fc                UDD_Handler
 .text.startup._GLOBAL__sub_I__ZN20USBDevice_SAMD21G18x5resetEv
                0x0000140c       0x10 Y:\academic\UfG\LINOBYTE\repo\Firmware\Firmware-Prototype\Linobyte\ArduinoCore\Debug\libArduinoCore.a(USBCore.o)
 .text.init     0x0000141c       0xf0 Y:\academic\UfG\LINOBYTE\repo\Firmware\Firmware-Prototype\Linobyte\ArduinoCore\Debug\libArduinoCore.a(wiring.o)
                0x0000141c                init
 .text.analogReference
                0x0000150c       0x64 Y:\academic\UfG\LINOBYTE\repo\Firmware\Firmware-Prototype\Linobyte\ArduinoCore\Debug\libArduinoCore.a(wiring_analog.o)
                0x0000150c                analogReference
 .text.pinMode  0x00001570       0x98 Y:\academic\UfG\LINOBYTE\repo\Firmware\Firmware-Prototype\Linobyte\ArduinoCore\Debug\libArduinoCore.a(wiring_digital.o)
                0x00001570                pinMode
 .text.digitalWrite
                0x00001608       0x58 Y:\academic\UfG\LINOBYTE\repo\Firmware\Firmware-Prototype\Linobyte\ArduinoCore\Debug\libArduinoCore.a(wiring_digital.o)
                0x00001608                digitalWrite
 .text.pinPeripheral
                0x00001660       0xbc Y:\academic\UfG\LINOBYTE\repo\Firmware\Firmware-Prototype\Linobyte\ArduinoCore\Debug\libArduinoCore.a(wiring_private.o)
                0x00001660                pinPeripheral
 .text.SERCOM0_Handler
                0x0000171c       0x10 Y:\academic\UfG\LINOBYTE\repo\Firmware\Firmware-Prototype\Linobyte\ArduinoCore\Debug\libArduinoCore.a(variant.o)
                0x0000171c                SERCOM0_Handler
 .text.SERCOM5_Handler
                0x0000172c       0x10 Y:\academic\UfG\LINOBYTE\repo\Firmware\Firmware-Prototype\Linobyte\ArduinoCore\Debug\libArduinoCore.a(variant.o)
                0x0000172c                SERCOM5_Handler
 .text.startup._GLOBAL__sub_I_g_APinDescription
                0x0000173c       0x94 Y:\academic\UfG\LINOBYTE\repo\Firmware\Firmware-Prototype\Linobyte\ArduinoCore\Debug\libArduinoCore.a(variant.o)
 .text._Znwj    0x000017d0        0x8 Y:\academic\UfG\LINOBYTE\repo\Firmware\Firmware-Prototype\Linobyte\ArduinoCore\Debug\libArduinoCore.a(new.o)
                0x000017d0                operator new(unsigned int)
 .text._ZN6SERCOMC2EP6Sercom
                0x000017d8        0x4 Y:\academic\UfG\LINOBYTE\repo\Firmware\Firmware-Prototype\Linobyte\ArduinoCore\Debug\libArduinoCore.a(SERCOM.o)
                0x000017d8                SERCOM::SERCOM(Sercom*)
                0x000017d8                SERCOM::SERCOM(Sercom*)
 .text._ZN6SERCOM9initFrameE18SercomUartCharSize15SercomDataOrder16SercomParityMode19SercomNumberStopBit
                0x000017dc       0x34 Y:\academic\UfG\LINOBYTE\repo\Firmware\Firmware-Prototype\Linobyte\ArduinoCore\Debug\libArduinoCore.a(SERCOM.o)
                0x000017dc                SERCOM::initFrame(SercomUartCharSize, SercomDataOrder, SercomParityMode, SercomNumberStopBit)
 .text._ZN6SERCOM8initPadsE15SercomUartTXPad11SercomRXPad
                0x00001810       0x24 Y:\academic\UfG\LINOBYTE\repo\Firmware\Firmware-Prototype\Linobyte\ArduinoCore\Debug\libArduinoCore.a(SERCOM.o)
                0x00001810                SERCOM::initPads(SercomUartTXPad, SercomRXPad)
 .text._ZN6SERCOM9resetUARTEv
                0x00001834       0x18 Y:\academic\UfG\LINOBYTE\repo\Firmware\Firmware-Prototype\Linobyte\ArduinoCore\Debug\libArduinoCore.a(SERCOM.o)
                0x00001834                SERCOM::resetUART()
 .text._ZN6SERCOM10enableUARTEv
                0x0000184c       0x12 Y:\academic\UfG\LINOBYTE\repo\Firmware\Firmware-Prototype\Linobyte\ArduinoCore\Debug\libArduinoCore.a(SERCOM.o)
                0x0000184c                SERCOM::enableUART()
 .text._ZN6SERCOM9flushUARTEv
                0x0000185e       0x10 Y:\academic\UfG\LINOBYTE\repo\Firmware\Firmware-Prototype\Linobyte\ArduinoCore\Debug\libArduinoCore.a(SERCOM.o)
                0x0000185e                SERCOM::flushUART()
 .text._ZN6SERCOM15clearStatusUARTEv
                0x0000186e        0x8 Y:\academic\UfG\LINOBYTE\repo\Firmware\Firmware-Prototype\Linobyte\ArduinoCore\Debug\libArduinoCore.a(SERCOM.o)
                0x0000186e                SERCOM::clearStatusUART()
 .text._ZN6SERCOM17availableDataUARTEv
                0x00001876        0xa Y:\academic\UfG\LINOBYTE\repo\Firmware\Firmware-Prototype\Linobyte\ArduinoCore\Debug\libArduinoCore.a(SERCOM.o)
                0x00001876                SERCOM::availableDataUART()
 .text._ZN6SERCOM11isUARTErrorEv
                0x00001880        0x8 Y:\academic\UfG\LINOBYTE\repo\Firmware\Firmware-Prototype\Linobyte\ArduinoCore\Debug\libArduinoCore.a(SERCOM.o)
                0x00001880                SERCOM::isUARTError()
 .text._ZN6SERCOM20acknowledgeUARTErrorEv
                0x00001888        0xe Y:\academic\UfG\LINOBYTE\repo\Firmware\Firmware-Prototype\Linobyte\ArduinoCore\Debug\libArduinoCore.a(SERCOM.o)
                0x00001888                SERCOM::acknowledgeUARTError()
 .text._ZN6SERCOM23isDataRegisterEmptyUARTEv
                0x00001896        0xa Y:\academic\UfG\LINOBYTE\repo\Firmware\Firmware-Prototype\Linobyte\ArduinoCore\Debug\libArduinoCore.a(SERCOM.o)
                0x00001896                SERCOM::isDataRegisterEmptyUART()
 .text._ZN6SERCOM12readDataUARTEv
                0x000018a0        0x8 Y:\academic\UfG\LINOBYTE\repo\Firmware\Firmware-Prototype\Linobyte\ArduinoCore\Debug\libArduinoCore.a(SERCOM.o)
                0x000018a0                SERCOM::readDataUART()
 .text._ZN6SERCOM13writeDataUARTEh
                0x000018a8       0x10 Y:\academic\UfG\LINOBYTE\repo\Firmware\Firmware-Prototype\Linobyte\ArduinoCore\Debug\libArduinoCore.a(SERCOM.o)
                0x000018a8                SERCOM::writeDataUART(unsigned char)
 .text._ZN6SERCOM36enableDataRegisterEmptyInterruptUARTEv
                0x000018b8        0x8 Y:\academic\UfG\LINOBYTE\repo\Firmware\Firmware-Prototype\Linobyte\ArduinoCore\Debug\libArduinoCore.a(SERCOM.o)
                0x000018b8                SERCOM::enableDataRegisterEmptyInterruptUART()
 .text._ZN6SERCOM37disableDataRegisterEmptyInterruptUARTEv
                0x000018c0        0x8 Y:\academic\UfG\LINOBYTE\repo\Firmware\Firmware-Prototype\Linobyte\ArduinoCore\Debug\libArduinoCore.a(SERCOM.o)
                0x000018c0                SERCOM::disableDataRegisterEmptyInterruptUART()
 .text._ZN6SERCOM13initClockNVICEv
                0x000018c8       0xa8 Y:\academic\UfG\LINOBYTE\repo\Firmware\Firmware-Prototype\Linobyte\ArduinoCore\Debug\libArduinoCore.a(SERCOM.o)
                0x000018c8                SERCOM::initClockNVIC()
 .text._ZN6SERCOM8initUARTE14SercomUartMode20SercomUartSampleRatem
                0x00001970       0x64 Y:\academic\UfG\LINOBYTE\repo\Firmware\Firmware-Prototype\Linobyte\ArduinoCore\Debug\libArduinoCore.a(SERCOM.o)
                0x00001970                SERCOM::initUART(SercomUartMode, SercomUartSampleRate, unsigned long)
 .text._ZN4UartcvbEv
                0x000019d4        0x4 Y:\academic\UfG\LINOBYTE\repo\Firmware\Firmware-Prototype\Linobyte\ArduinoCore\Debug\libArduinoCore.a(Uart.o)
                0x000019d4                Uart::operator bool()
 .text._ZN4Uart5beginEm
                0x000019d8       0x10 Y:\academic\UfG\LINOBYTE\repo\Firmware\Firmware-Prototype\Linobyte\ArduinoCore\Debug\libArduinoCore.a(Uart.o)
                0x000019d8                Uart::begin(unsigned long)
 .text._ZN4Uart4peekEv
                0x000019e8       0x16 Y:\academic\UfG\LINOBYTE\repo\Firmware\Firmware-Prototype\Linobyte\ArduinoCore\Debug\libArduinoCore.a(Uart.o)
                0x000019e8                Uart::peek()
 .text._ZN4Uart3endEv
                0x000019fe       0x1c Y:\academic\UfG\LINOBYTE\repo\Firmware\Firmware-Prototype\Linobyte\ArduinoCore\Debug\libArduinoCore.a(Uart.o)
                0x000019fe                Uart::end()
 .text._ZN4Uart16extractNbStopBitEt
                0x00001a1a        0xc Y:\academic\UfG\LINOBYTE\repo\Firmware\Firmware-Prototype\Linobyte\ArduinoCore\Debug\libArduinoCore.a(Uart.o)
                0x00001a1a                Uart::extractNbStopBit(unsigned short)
 .text._ZN4Uart15extractCharSizeEt
                0x00001a26       0x28 Y:\academic\UfG\LINOBYTE\repo\Firmware\Firmware-Prototype\Linobyte\ArduinoCore\Debug\libArduinoCore.a(Uart.o)
                0x00001a26                Uart::extractCharSize(unsigned short)
 .text._ZN4Uart13extractParityEt
                0x00001a4e       0x14 Y:\academic\UfG\LINOBYTE\repo\Firmware\Firmware-Prototype\Linobyte\ArduinoCore\Debug\libArduinoCore.a(Uart.o)
                0x00001a4e                Uart::extractParity(unsigned short)
 *fill*         0x00001a62        0x2 
 .text._ZN4Uart5beginEmt
                0x00001a64       0xf0 Y:\academic\UfG\LINOBYTE\repo\Firmware\Firmware-Prototype\Linobyte\ArduinoCore\Debug\libArduinoCore.a(Uart.o)
                0x00001a64                Uart::begin(unsigned long, unsigned short)
 .text._ZN11RingBufferNILi64EEC2Ev
                0x00001b54       0x16 Y:\academic\UfG\LINOBYTE\repo\Firmware\Firmware-Prototype\Linobyte\ArduinoCore\Debug\libArduinoCore.a(Uart.o)
                0x00001b54                RingBufferN<64>::RingBufferN()
                0x00001b54                RingBufferN<64>::RingBufferN()
 *fill*         0x00001b6a        0x2 
 .text._ZN4UartC2EP6SERCOMhh11SercomRXPad15SercomUartTXPad
                0x00001b6c       0x5c Y:\academic\UfG\LINOBYTE\repo\Firmware\Firmware-Prototype\Linobyte\ArduinoCore\Debug\libArduinoCore.a(Uart.o)
                0x00001b6c                Uart::Uart(SERCOM*, unsigned char, unsigned char, SercomRXPad, SercomUartTXPad)
                0x00001b6c                Uart::Uart(SERCOM*, unsigned char, unsigned char, SercomRXPad, SercomUartTXPad)
 .text._ZN11RingBufferNILi64EE9availableEv
                0x00001bc8        0xc Y:\academic\UfG\LINOBYTE\repo\Firmware\Firmware-Prototype\Linobyte\ArduinoCore\Debug\libArduinoCore.a(Uart.o)
                0x00001bc8                RingBufferN<64>::available()
 .text._ZN4Uart5flushEv
                0x00001bd4       0x18 Y:\academic\UfG\LINOBYTE\repo\Firmware\Firmware-Prototype\Linobyte\ArduinoCore\Debug\libArduinoCore.a(Uart.o)
                0x00001bd4                Uart::flush()
 .text._ZN4Uart9availableEv
                0x00001bec        0xa Y:\academic\UfG\LINOBYTE\repo\Firmware\Firmware-Prototype\Linobyte\ArduinoCore\Debug\libArduinoCore.a(Uart.o)
                0x00001bec                Uart::available()
 .text._ZN11RingBufferNILi64EE17availableForStoreEv
                0x00001bf6       0x1c Y:\academic\UfG\LINOBYTE\repo\Firmware\Firmware-Prototype\Linobyte\ArduinoCore\Debug\libArduinoCore.a(Uart.o)
                0x00001bf6                RingBufferN<64>::availableForStore()
 .text._ZN4Uart17availableForWriteEv
                0x00001c12        0xa Y:\academic\UfG\LINOBYTE\repo\Firmware\Firmware-Prototype\Linobyte\ArduinoCore\Debug\libArduinoCore.a(Uart.o)
                0x00001c12                Uart::availableForWrite()
 .text._ZN4Uart10IrqHandlerEv
                0x00001c1c       0xb2 Y:\academic\UfG\LINOBYTE\repo\Firmware\Firmware-Prototype\Linobyte\ArduinoCore\Debug\libArduinoCore.a(Uart.o)
                0x00001c1c                Uart::IrqHandler()
 *fill*         0x00001cce        0x2 
 .text._ZN4Uart5writeEh
                0x00001cd0       0xb4 Y:\academic\UfG\LINOBYTE\repo\Firmware\Firmware-Prototype\Linobyte\ArduinoCore\Debug\libArduinoCore.a(Uart.o)
                0x00001cd0                Uart::write(unsigned char)
 .text._ZN4Uart4readEv
                0x00001d84       0x48 Y:\academic\UfG\LINOBYTE\repo\Firmware\Firmware-Prototype\Linobyte\ArduinoCore\Debug\libArduinoCore.a(Uart.o)
                0x00001d84                Uart::read()
 .text._ZN7Serial_17availableForWriteEv
                0x00001dcc        0x4 Y:\academic\UfG\LINOBYTE\repo\Firmware\Firmware-Prototype\Linobyte\ArduinoCore\Debug\libArduinoCore.a(CDC.o)
                0x00001dcc                Serial_::availableForWrite()
 .text._ZN7Serial_5writeEh
                0x00001dd0       0x14 Y:\academic\UfG\LINOBYTE\repo\Firmware\Firmware-Prototype\Linobyte\ArduinoCore\Debug\libArduinoCore.a(CDC.o)
                0x00001dd0                Serial_::write(unsigned char)
 .text._ZN7Serial_9availableEv
                0x00001de4        0xc Y:\academic\UfG\LINOBYTE\repo\Firmware\Firmware-Prototype\Linobyte\ArduinoCore\Debug\libArduinoCore.a(CDC.o)
                0x00001de4                Serial_::available()
 .text._ZN7Serial_5flushEv
                0x00001df0        0xc Y:\academic\UfG\LINOBYTE\repo\Firmware\Firmware-Prototype\Linobyte\ArduinoCore\Debug\libArduinoCore.a(CDC.o)
                0x00001df0                Serial_::flush()
 .text._ZN7Serial_5writeEPKhj
                0x00001dfc       0x1a Y:\academic\UfG\LINOBYTE\repo\Firmware\Firmware-Prototype\Linobyte\ArduinoCore\Debug\libArduinoCore.a(CDC.o)
                0x00001dfc                Serial_::write(unsigned char const*, unsigned int)
 *fill*         0x00001e16        0x2 
 .text._ZN7Serial_4peekEv
                0x00001e18       0x1c Y:\academic\UfG\LINOBYTE\repo\Firmware\Firmware-Prototype\Linobyte\ArduinoCore\Debug\libArduinoCore.a(CDC.o)
                0x00001e18                Serial_::peek()
 .text._ZN7Serial_4readEv
                0x00001e34       0x24 Y:\academic\UfG\LINOBYTE\repo\Firmware\Firmware-Prototype\Linobyte\ArduinoCore\Debug\libArduinoCore.a(CDC.o)
                0x00001e34                Serial_::read()
 .text._Z16CDC_GetInterfacePh
                0x00001e58       0x1c Y:\academic\UfG\LINOBYTE\repo\Firmware\Firmware-Prototype\Linobyte\ArduinoCore\Debug\libArduinoCore.a(CDC.o)
                0x00001e58                CDC_GetInterface(unsigned char*)
 .text._Z9CDC_SetupR8USBSetup
                0x00001e74       0x7c Y:\academic\UfG\LINOBYTE\repo\Firmware\Firmware-Prototype\Linobyte\ArduinoCore\Debug\libArduinoCore.a(CDC.o)
                0x00001e74                CDC_Setup(USBSetup&)
 .text.startup._GLOBAL__sub_I__Z17_CDC_GetInterfacev
                0x00001ef0       0x28 Y:\academic\UfG\LINOBYTE\repo\Firmware\Firmware-Prototype\Linobyte\ArduinoCore\Debug\libArduinoCore.a(CDC.o)
 .text._ZN13PluggableUSB_12getInterfaceEPh
                0x00001f18       0x28 Y:\academic\UfG\LINOBYTE\repo\Firmware\Firmware-Prototype\Linobyte\ArduinoCore\Debug\libArduinoCore.a(PluggableUSB.o)
                0x00001f18                PluggableUSB_::getInterface(unsigned char*)
 .text._ZN13PluggableUSB_13getDescriptorER8USBSetup
                0x00001f40       0x20 Y:\academic\UfG\LINOBYTE\repo\Firmware\Firmware-Prototype\Linobyte\ArduinoCore\Debug\libArduinoCore.a(PluggableUSB.o)
                0x00001f40                PluggableUSB_::getDescriptor(USBSetup&)
 .text._ZN13PluggableUSB_12getShortNameEPc
                0x00001f60       0x1e Y:\academic\UfG\LINOBYTE\repo\Firmware\Firmware-Prototype\Linobyte\ArduinoCore\Debug\libArduinoCore.a(PluggableUSB.o)
                0x00001f60                PluggableUSB_::getShortName(char*)
 .text._ZN13PluggableUSB_5setupER8USBSetup
                0x00001f7e       0x20 Y:\academic\UfG\LINOBYTE\repo\Firmware\Firmware-Prototype\Linobyte\ArduinoCore\Debug\libArduinoCore.a(PluggableUSB.o)
                0x00001f7e                PluggableUSB_::setup(USBSetup&)
 *fill*         0x00001f9e        0x2 
 .text._Z12PluggableUSBv
                0x00001fa0       0x24 Y:\academic\UfG\LINOBYTE\repo\Firmware\Firmware-Prototype\Linobyte\ArduinoCore\Debug\libArduinoCore.a(PluggableUSB.o)
                0x00001fa0                PluggableUSB()
 .text._ZN5Print5writeEPKhj
                0x00001fc4       0x28 Y:\academic\UfG\LINOBYTE\repo\Firmware\Firmware-Prototype\Linobyte\ArduinoCore\Debug\libArduinoCore.a(Print.o)
                0x00001fc4                Print::write(unsigned char const*, unsigned int)
 .text          0x00001fec       0x14 c:/program files (x86)/atmel/studio/7.0/toolchain/arm/arm-gnu-toolchain/bin/../lib/gcc/arm-none-eabi/6.3.1/thumb/v6-m\libgcc.a(_thumb1_case_uqi.o)
                0x00001fec                __gnu_thumb1_case_uqi
 .text          0x00002000      0x114 c:/program files (x86)/atmel/studio/7.0/toolchain/arm/arm-gnu-toolchain/bin/../lib/gcc/arm-none-eabi/6.3.1/thumb/v6-m\libgcc.a(_udivsi3.o)
                0x00002000                __aeabi_uidiv
                0x00002000                __udivsi3
                0x0000210c                __aeabi_uidivmod
 .text          0x00002114        0x4 c:/program files (x86)/atmel/studio/7.0/toolchain/arm/arm-gnu-toolchain/bin/../lib/gcc/arm-none-eabi/6.3.1/thumb/v6-m\libgcc.a(_dvmd_tls.o)
                0x00002114                __aeabi_idiv0
                0x00002114                __aeabi_ldiv0
 .text.__libc_init_array
                0x00002118       0x48 c:/program files (x86)/atmel/studio/7.0/toolchain/arm/arm-gnu-toolchain/bin/../lib/gcc/arm-none-eabi/6.3.1/../../../../arm-none-eabi/lib/thumb/v6-m\libc_nano.a(lib_a-init.o)
                0x00002118                __libc_init_array
 .text.malloc   0x00002160       0x14 c:/program files (x86)/atmel/studio/7.0/toolchain/arm/arm-gnu-toolchain/bin/../lib/gcc/arm-none-eabi/6.3.1/../../../../arm-none-eabi/lib/thumb/v6-m\libc_nano.a(lib_a-malloc.o)
                0x00002160                malloc
 .text.memcpy   0x00002174       0x12 c:/program files (x86)/atmel/studio/7.0/toolchain/arm/arm-gnu-toolchain/bin/../lib/gcc/arm-none-eabi/6.3.1/../../../../arm-none-eabi/lib/thumb/v6-m\libc_nano.a(lib_a-memcpy-stub.o)
                0x00002174                memcpy
 .text.memset   0x00002186       0x10 c:/program files (x86)/atmel/studio/7.0/toolchain/arm/arm-gnu-toolchain/bin/../lib/gcc/arm-none-eabi/6.3.1/../../../../arm-none-eabi/lib/thumb/v6-m\libc_nano.a(lib_a-memset.o)
                0x00002186                memset
 *fill*         0x00002196        0x2 
 .text._malloc_r
                0x00002198       0xbc c:/program files (x86)/atmel/studio/7.0/toolchain/arm/arm-gnu-toolchain/bin/../lib/gcc/arm-none-eabi/6.3.1/../../../../arm-none-eabi/lib/thumb/v6-m\libc_nano.a(lib_a-nano-mallocr.o)
                0x00002198                _malloc_r
 .text._sbrk_r  0x00002254       0x24 c:/program files (x86)/atmel/studio/7.0/toolchain/arm/arm-gnu-toolchain/bin/../lib/gcc/arm-none-eabi/6.3.1/../../../../arm-none-eabi/lib/thumb/v6-m\libc_nano.a(lib_a-sbrkr.o)
                0x00002254                _sbrk_r
 .text          0x00002278        0xe c:/program files (x86)/atmel/studio/7.0/toolchain/arm/arm-gnu-toolchain/bin/../lib/gcc/arm-none-eabi/6.3.1/../../../../arm-none-eabi/lib/thumb/v6-m\libc_nano.a(lib_a-strlen.o)
                0x00002278                strlen
 .text.__malloc_lock
                0x00002286        0x2 c:/program files (x86)/atmel/studio/7.0/toolchain/arm/arm-gnu-toolchain/bin/../lib/gcc/arm-none-eabi/6.3.1/../../../../arm-none-eabi/lib/thumb/v6-m\libc_nano.a(lib_a-mlock.o)
                0x00002286                __malloc_lock
 .text.__malloc_unlock
                0x00002288        0x2 c:/program files (x86)/atmel/studio/7.0/toolchain/arm/arm-gnu-toolchain/bin/../lib/gcc/arm-none-eabi/6.3.1/../../../../arm-none-eabi/lib/thumb/v6-m\libc_nano.a(lib_a-mlock.o)
                0x00002288                __malloc_unlock
 *fill*         0x0000228a        0x2 
 .text._sbrk    0x0000228c       0x1c c:/program files (x86)/atmel/studio/7.0/toolchain/arm/arm-gnu-toolchain/bin/../lib/gcc/arm-none-eabi/6.3.1/../../../../arm-none-eabi/lib/thumb/v6-m\libnosys.a(sbrk.o)
                0x0000228c                _sbrk
 *(.init)
 .init          0x000022a8        0x4 c:/program files (x86)/atmel/studio/7.0/toolchain/arm/arm-gnu-toolchain/bin/../lib/gcc/arm-none-eabi/6.3.1/thumb/v6-m/crti.o
                0x000022a8                _init
 .init          0x000022ac        0x8 c:/program files (x86)/atmel/studio/7.0/toolchain/arm/arm-gnu-toolchain/bin/../lib/gcc/arm-none-eabi/6.3.1/thumb/v6-m/crtn.o
 *(.fini)
 .fini          0x000022b4        0x4 c:/program files (x86)/atmel/studio/7.0/toolchain/arm/arm-gnu-toolchain/bin/../lib/gcc/arm-none-eabi/6.3.1/thumb/v6-m/crti.o
                0x000022b4                _fini
 .fini          0x000022b8        0x8 c:/program files (x86)/atmel/studio/7.0/toolchain/arm/arm-gnu-toolchain/bin/../lib/gcc/arm-none-eabi/6.3.1/thumb/v6-m/crtn.o
 *crtbegin.o(.ctors)
 *crtbegin?.o(.ctors)
 *(EXCLUDE_FILE(*crtend.o *crtend?.o) .ctors)
 *(SORT(.ctors.*))
 *(.ctors)
 *crtbegin.o(.dtors)
 *crtbegin?.o(.dtors)
 *(EXCLUDE_FILE(*crtend.o *crtend?.o) .dtors)
 *(SORT(.dtors.*))
 *(.dtors)
 *(.rodata*)
 .rodata._ZTV26DoubleBufferedEPOutHandler
                0x000022c0       0x14 Y:\academic\UfG\LINOBYTE\repo\Firmware\Firmware-Prototype\Linobyte\ArduinoCore\Debug\libArduinoCore.a(USBCore.o)
                0x000022c0                vtable for DoubleBufferedEPOutHandler
 .rodata._ZL14STRING_PRODUCT
                0x000022d4        0xd Y:\academic\UfG\LINOBYTE\repo\Firmware\Firmware-Prototype\Linobyte\ArduinoCore\Debug\libArduinoCore.a(USBCore.o)
 *fill*         0x000022e1        0x1 
 .rodata._ZL15STRING_LANGUAGE
                0x000022e2        0x4 Y:\academic\UfG\LINOBYTE\repo\Firmware\Firmware-Prototype\Linobyte\ArduinoCore\Debug\libArduinoCore.a(USBCore.o)
 .rodata._ZL19STRING_MANUFACTURER
                0x000022e6        0xc Y:\academic\UfG\LINOBYTE\repo\Firmware\Firmware-Prototype\Linobyte\ArduinoCore\Debug\libArduinoCore.a(USBCore.o)
 .rodata._ZL21USB_DeviceDescriptorB
                0x000022f2       0x12 Y:\academic\UfG\LINOBYTE\repo\Firmware\Firmware-Prototype\Linobyte\ArduinoCore\Debug\libArduinoCore.a(USBCore.o)
 .rodata.g_APinDescription
                0x00002304      0x420 Y:\academic\UfG\LINOBYTE\repo\Firmware\Firmware-Prototype\Linobyte\ArduinoCore\Debug\libArduinoCore.a(variant.o)
                0x00002304                g_APinDescription
 .rodata._ZTV4Uart
                0x00002724       0x34 Y:\academic\UfG\LINOBYTE\repo\Firmware\Firmware-Prototype\Linobyte\ArduinoCore\Debug\libArduinoCore.a(Uart.o)
                0x00002724                vtable for Uart
 .rodata._ZTV7Serial_
                0x00002758       0x24 Y:\academic\UfG\LINOBYTE\repo\Firmware\Firmware-Prototype\Linobyte\ArduinoCore\Debug\libArduinoCore.a(CDC.o)
                0x00002758                vtable for Serial_
 *(.eh_frame*)
 .eh_frame      0x0000277c        0x0 c:/program files (x86)/atmel/studio/7.0/toolchain/arm/arm-gnu-toolchain/bin/../lib/gcc/arm-none-eabi/6.3.1/thumb/v6-m/crtbegin.o
 .eh_frame      0x0000277c        0x4 c:/program files (x86)/atmel/studio/7.0/toolchain/arm/arm-gnu-toolchain/bin/../lib/gcc/arm-none-eabi/6.3.1/thumb/v6-m/crtend.o

.glue_7         0x00002780        0x0
 .glue_7        0x00002780        0x0 linker stubs

.glue_7t        0x00002780        0x0
 .glue_7t       0x00002780        0x0 linker stubs

.vfp11_veneer   0x00002780        0x0
 .vfp11_veneer  0x00002780        0x0 linker stubs

.v4_bx          0x00002780        0x0
 .v4_bx         0x00002780        0x0 linker stubs

.iplt           0x00002780        0x0
 .iplt          0x00002780        0x0 c:/program files (x86)/atmel/studio/7.0/toolchain/arm/arm-gnu-toolchain/bin/../lib/gcc/arm-none-eabi/6.3.1/thumb/v6-m/crtbegin.o

.rel.dyn        0x00002780        0x0
 .rel.iplt      0x00002780        0x0 c:/program files (x86)/atmel/studio/7.0/toolchain/arm/arm-gnu-toolchain/bin/../lib/gcc/arm-none-eabi/6.3.1/thumb/v6-m/crtbegin.o

.ARM.extab
 *(.ARM.extab* .gnu.linkonce.armextab.*)
                0x00002780                __exidx_start = .

.ARM.exidx
 *(.ARM.exidx* .gnu.linkonce.armexidx.*)
                0x00002780                __exidx_end = .
                0x00002780                __etext = .

.data           0x20000000      0x100 load address 0x00002780
                0x20000000                __data_start__ = .
 *(vtable)
 *(.data*)
 .data._ZL5ticks
                0x20000000        0x4 Y:\academic\UfG\LINOBYTE\repo\Firmware\Firmware-Prototype\Linobyte\ArduinoCore\Debug\libArduinoCore.a(Reset.o)
 .data.EndPoints
                0x20000004       0x28 Y:\academic\UfG\LINOBYTE\repo\Firmware\Firmware-Prototype\Linobyte\ArduinoCore\Debug\libArduinoCore.a(USBCore.o)
                0x20000004                EndPoints
 .data.SystemCoreClock
                0x2000002c        0x4 Y:\academic\UfG\LINOBYTE\repo\Firmware\Firmware-Prototype\Linobyte\ArduinoCore\Debug\libArduinoCore.a(wiring.o)
                0x2000002c                SystemCoreClock
 .data._ZL10breakValue
                0x20000030        0x4 Y:\academic\UfG\LINOBYTE\repo\Firmware\Firmware-Prototype\Linobyte\ArduinoCore\Debug\libArduinoCore.a(CDC.o)
 .data._ZL12_usbLineInfo
                0x20000034        0x8 Y:\academic\UfG\LINOBYTE\repo\Firmware\Firmware-Prototype\Linobyte\ArduinoCore\Debug\libArduinoCore.a(CDC.o)
 .data._ZL13_cdcInterface
                0x2000003c       0x42 Y:\academic\UfG\LINOBYTE\repo\Firmware\Firmware-Prototype\Linobyte\ArduinoCore\Debug\libArduinoCore.a(CDC.o)
 *fill*         0x2000007e        0x2 
 .data._serialPeek
                0x20000080        0x4 Y:\academic\UfG\LINOBYTE\repo\Firmware\Firmware-Prototype\Linobyte\ArduinoCore\Debug\libArduinoCore.a(CDC.o)
                0x20000080                _serialPeek
 .data._impure_ptr
                0x20000084        0x4 c:/program files (x86)/atmel/studio/7.0/toolchain/arm/arm-gnu-toolchain/bin/../lib/gcc/arm-none-eabi/6.3.1/../../../../arm-none-eabi/lib/thumb/v6-m\libc_nano.a(lib_a-impure.o)
                0x20000084                _impure_ptr
 .data.impure_data
                0x20000088       0x60 c:/program files (x86)/atmel/studio/7.0/toolchain/arm/arm-gnu-toolchain/bin/../lib/gcc/arm-none-eabi/6.3.1/../../../../arm-none-eabi/lib/thumb/v6-m\libc_nano.a(lib_a-impure.o)
                0x200000e8                . = ALIGN (0x4)
                0x200000e8                PROVIDE (__preinit_array_start, .)
 *(.preinit_array)
                0x200000e8                PROVIDE (__preinit_array_end, .)
                0x200000e8                . = ALIGN (0x4)
                0x200000e8                PROVIDE (__init_array_start, .)
 *(SORT(.init_array.*))
 *(.init_array)
 .init_array    0x200000e8        0x4 c:/program files (x86)/atmel/studio/7.0/toolchain/arm/arm-gnu-toolchain/bin/../lib/gcc/arm-none-eabi/6.3.1/thumb/v6-m/crtbegin.o
 .init_array    0x200000ec        0x4 Y:\academic\UfG\LINOBYTE\repo\Firmware\Firmware-Prototype\Linobyte\ArduinoCore\Debug\libArduinoCore.a(USBCore.o)
 .init_array    0x200000f0        0x4 Y:\academic\UfG\LINOBYTE\repo\Firmware\Firmware-Prototype\Linobyte\ArduinoCore\Debug\libArduinoCore.a(variant.o)
 .init_array    0x200000f4        0x4 Y:\academic\UfG\LINOBYTE\repo\Firmware\Firmware-Prototype\Linobyte\ArduinoCore\Debug\libArduinoCore.a(CDC.o)
                0x200000f8                PROVIDE (__init_array_end, .)
                0x200000f8                . = ALIGN (0x4)
                [!provide]                PROVIDE (__fini_array_start, .)
 *(SORT(.fini_array.*))
 *(.fini_array)
 .fini_array    0x200000f8        0x4 c:/program files (x86)/atmel/studio/7.0/toolchain/arm/arm-gnu-toolchain/bin/../lib/gcc/arm-none-eabi/6.3.1/thumb/v6-m/crtbegin.o
                [!provide]                PROVIDE (__fini_array_end, .)
 *(.jcr*)
 .jcr           0x200000fc        0x0 c:/program files (x86)/atmel/studio/7.0/toolchain/arm/arm-gnu-toolchain/bin/../lib/gcc/arm-none-eabi/6.3.1/thumb/v6-m/crtbegin.o
 .jcr           0x200000fc        0x4 c:/program files (x86)/atmel/studio/7.0/toolchain/arm/arm-gnu-toolchain/bin/../lib/gcc/arm-none-eabi/6.3.1/thumb/v6-m/crtend.o
                0x20000100                . = ALIGN (0x10)
                0x20000100                __data_end__ = .

.igot.plt       0x20000100        0x0 load address 0x00002880
 .igot.plt      0x20000100        0x0 c:/program files (x86)/atmel/studio/7.0/toolchain/arm/arm-gnu-toolchain/bin/../lib/gcc/arm-none-eabi/6.3.1/thumb/v6-m/crtbegin.o

.bss            0x20000100      0x7a8 load address 0x00002880
                0x20000100                . = ALIGN (0x4)
                0x20000100                __bss_start__ = .
 *(.bss*)
 .bss           0x20000100       0x1c c:/program files (x86)/atmel/studio/7.0/toolchain/arm/arm-gnu-toolchain/bin/../lib/gcc/arm-none-eabi/6.3.1/thumb/v6-m/crtbegin.o
 .bss.usb_isr   0x2000011c        0x4 Y:\academic\UfG\LINOBYTE\repo\Firmware\Firmware-Prototype\Linobyte\ArduinoCore\Debug\libArduinoCore.a(cortex_handlers.o)
 .bss._ulTickCount
                0x20000120        0x4 Y:\academic\UfG\LINOBYTE\repo\Firmware\Firmware-Prototype\Linobyte\ArduinoCore\Debug\libArduinoCore.a(delay.o)
 .bss.USBDevice
                0x20000124        0x1 Y:\academic\UfG\LINOBYTE\repo\Firmware\Firmware-Prototype\Linobyte\ArduinoCore\Debug\libArduinoCore.a(USBCore.o)
                0x20000124                USBDevice
 *fill*         0x20000125        0x3 
 .bss._ZL10epHandlers
                0x20000128       0x1c Y:\academic\UfG\LINOBYTE\repo\Firmware\Firmware-Prototype\Linobyte\ArduinoCore\Debug\libArduinoCore.a(USBCore.o)
 .bss._ZL10rxLEDPulse
                0x20000144        0x1 Y:\academic\UfG\LINOBYTE\repo\Firmware\Firmware-Prototype\Linobyte\ArduinoCore\Debug\libArduinoCore.a(USBCore.o)
 .bss._ZL10txLEDPulse
                0x20000145        0x1 Y:\academic\UfG\LINOBYTE\repo\Firmware\Firmware-Prototype\Linobyte\ArduinoCore\Debug\libArduinoCore.a(USBCore.o)
 .bss._ZL14isEndpointHalt
                0x20000146        0x1 Y:\academic\UfG\LINOBYTE\repo\Firmware\Firmware-Prototype\Linobyte\ArduinoCore\Debug\libArduinoCore.a(USBCore.o)
 .bss._ZL20LastTransmitTimedOut
                0x20000147        0x7 Y:\academic\UfG\LINOBYTE\repo\Firmware\Firmware-Prototype\Linobyte\ArduinoCore\Debug\libArduinoCore.a(USBCore.o)
 .bss._ZL21isRemoteWakeUpEnabled
                0x2000014e        0x1 Y:\academic\UfG\LINOBYTE\repo\Firmware\Firmware-Prototype\Linobyte\ArduinoCore\Debug\libArduinoCore.a(USBCore.o)
 *fill*         0x2000014f        0x1 
 .bss._ZL22udd_ep_in_cache_buffer
                0x20000150      0x1c0 Y:\academic\UfG\LINOBYTE\repo\Firmware\Firmware-Prototype\Linobyte\ArduinoCore\Debug\libArduinoCore.a(USBCore.o)
 .bss._ZL23udd_ep_out_cache_buffer
                0x20000310      0x1c0 Y:\academic\UfG\LINOBYTE\repo\Firmware\Firmware-Prototype\Linobyte\ArduinoCore\Debug\libArduinoCore.a(USBCore.o)
 .bss._dry_run  0x200004d0        0x1 Y:\academic\UfG\LINOBYTE\repo\Firmware\Firmware-Prototype\Linobyte\ArduinoCore\Debug\libArduinoCore.a(USBCore.o)
                0x200004d0                _dry_run
 .bss._pack_buffer
                0x200004d1      0x100 Y:\academic\UfG\LINOBYTE\repo\Firmware\Firmware-Prototype\Linobyte\ArduinoCore\Debug\libArduinoCore.a(USBCore.o)
                0x200004d1                _pack_buffer
 .bss._pack_message
                0x200005d1        0x1 Y:\academic\UfG\LINOBYTE\repo\Firmware\Firmware-Prototype\Linobyte\ArduinoCore\Debug\libArduinoCore.a(USBCore.o)
                0x200005d1                _pack_message
 .bss._pack_size
                0x200005d2        0x2 Y:\academic\UfG\LINOBYTE\repo\Firmware\Firmware-Prototype\Linobyte\ArduinoCore\Debug\libArduinoCore.a(USBCore.o)
                0x200005d2                _pack_size
 .bss._usbConfiguration
                0x200005d4        0x4 Y:\academic\UfG\LINOBYTE\repo\Firmware\Firmware-Prototype\Linobyte\ArduinoCore\Debug\libArduinoCore.a(USBCore.o)
                0x200005d4                _usbConfiguration
 .bss._usbSetInterface
                0x200005d8        0x4 Y:\academic\UfG\LINOBYTE\repo\Firmware\Firmware-Prototype\Linobyte\ArduinoCore\Debug\libArduinoCore.a(USBCore.o)
                0x200005d8                _usbSetInterface
 .bss.usbd      0x200005dc      0x104 Y:\academic\UfG\LINOBYTE\repo\Firmware\Firmware-Prototype\Linobyte\ArduinoCore\Debug\libArduinoCore.a(USBCore.o)
                0x200005dc                usbd
 .bss.Serial    0x200006e0       0xbc Y:\academic\UfG\LINOBYTE\repo\Firmware\Firmware-Prototype\Linobyte\ArduinoCore\Debug\libArduinoCore.a(variant.o)
                0x200006e0                Serial
 .bss.Serial1   0x2000079c       0xbc Y:\academic\UfG\LINOBYTE\repo\Firmware\Firmware-Prototype\Linobyte\ArduinoCore\Debug\libArduinoCore.a(variant.o)
                0x2000079c                Serial1
 .bss.sercom0   0x20000858        0x4 Y:\academic\UfG\LINOBYTE\repo\Firmware\Firmware-Prototype\Linobyte\ArduinoCore\Debug\libArduinoCore.a(variant.o)
                0x20000858                sercom0
 .bss.sercom1   0x2000085c        0x4 Y:\academic\UfG\LINOBYTE\repo\Firmware\Firmware-Prototype\Linobyte\ArduinoCore\Debug\libArduinoCore.a(variant.o)
                0x2000085c                sercom1
 .bss.sercom2   0x20000860        0x4 Y:\academic\UfG\LINOBYTE\repo\Firmware\Firmware-Prototype\Linobyte\ArduinoCore\Debug\libArduinoCore.a(variant.o)
                0x20000860                sercom2
 .bss.sercom3   0x20000864        0x4 Y:\academic\UfG\LINOBYTE\repo\Firmware\Firmware-Prototype\Linobyte\ArduinoCore\Debug\libArduinoCore.a(variant.o)
                0x20000864                sercom3
 .bss.sercom4   0x20000868        0x4 Y:\academic\UfG\LINOBYTE\repo\Firmware\Firmware-Prototype\Linobyte\ArduinoCore\Debug\libArduinoCore.a(variant.o)
                0x20000868                sercom4
 .bss.sercom5   0x2000086c        0x4 Y:\academic\UfG\LINOBYTE\repo\Firmware\Firmware-Prototype\Linobyte\ArduinoCore\Debug\libArduinoCore.a(variant.o)
                0x2000086c                sercom5
 .bss.SerialUSB
                0x20000870       0x1c Y:\academic\UfG\LINOBYTE\repo\Firmware\Firmware-Prototype\Linobyte\ArduinoCore\Debug\libArduinoCore.a(CDC.o)
                0x20000870                SerialUSB
 .bss._ZGVZ12PluggableUSBvE3obj
                0x2000088c        0x4 Y:\academic\UfG\LINOBYTE\repo\Firmware\Firmware-Prototype\Linobyte\ArduinoCore\Debug\libArduinoCore.a(PluggableUSB.o)
 .bss._ZZ12PluggableUSBvE3obj
                0x20000890        0x8 Y:\academic\UfG\LINOBYTE\repo\Firmware\Firmware-Prototype\Linobyte\ArduinoCore\Debug\libArduinoCore.a(PluggableUSB.o)
 .bss.__malloc_free_list
                0x20000898        0x4 c:/program files (x86)/atmel/studio/7.0/toolchain/arm/arm-gnu-toolchain/bin/../lib/gcc/arm-none-eabi/6.3.1/../../../../arm-none-eabi/lib/thumb/v6-m\libc_nano.a(lib_a-nano-mallocr.o)
                0x20000898                __malloc_free_list
 .bss.__malloc_sbrk_start
                0x2000089c        0x4 c:/program files (x86)/atmel/studio/7.0/toolchain/arm/arm-gnu-toolchain/bin/../lib/gcc/arm-none-eabi/6.3.1/../../../../arm-none-eabi/lib/thumb/v6-m\libc_nano.a(lib_a-nano-mallocr.o)
                0x2000089c                __malloc_sbrk_start
 .bss.heap_end.4116
                0x200008a0        0x4 c:/program files (x86)/atmel/studio/7.0/toolchain/arm/arm-gnu-toolchain/bin/../lib/gcc/arm-none-eabi/6.3.1/../../../../arm-none-eabi/lib/thumb/v6-m\libnosys.a(sbrk.o)
 *(COMMON)
 COMMON         0x200008a4        0x4 c:/program files (x86)/atmel/studio/7.0/toolchain/arm/arm-gnu-toolchain/bin/../lib/gcc/arm-none-eabi/6.3.1/../../../../arm-none-eabi/lib/thumb/v6-m\libc_nano.a(lib_a-reent.o)
                0x200008a4                errno
                0x200008a8                . = ALIGN (0x4)
                0x200008a8                __bss_end__ = .

.heap           0x200008a8        0x0
                0x200008a8                __end__ = .
                0x200008a8                PROVIDE (end, .)
 *(.heap*)
                0x200008a8                __HeapLimit = .

.stack_dummy    0x200008a8        0x0
 *(.stack*)
                0x20008000                __StackTop = (ORIGIN (RAM) + LENGTH (RAM))
                0x20008000                __StackLimit = (__StackTop - SIZEOF (.stack_dummy))
                0x20008000                PROVIDE (__stack, __StackTop)
                0x20007fff                __ram_end__ = ((ORIGIN (RAM) + LENGTH (RAM)) - 0x1)
                0x00000001                ASSERT ((__StackLimit >= __HeapLimit), region RAM overflowed with stack)
OUTPUT(linobyte.elf elf32-littlearm)

.ARM.attributes
                0x00000000       0x28
 .ARM.attributes
                0x00000000       0x1e c:/program files (x86)/atmel/studio/7.0/toolchain/arm/arm-gnu-toolchain/bin/../lib/gcc/arm-none-eabi/6.3.1/thumb/v6-m/crti.o
 .ARM.attributes
                0x0000001e       0x2c c:/program files (x86)/atmel/studio/7.0/toolchain/arm/arm-gnu-toolchain/bin/../lib/gcc/arm-none-eabi/6.3.1/thumb/v6-m/crtbegin.o
 .ARM.attributes
                0x0000004a       0x32 Sketch.o
 .ARM.attributes
                0x0000007c       0x32 Y:\academic\UfG\LINOBYTE\repo\Firmware\Firmware-Prototype\Linobyte\ArduinoCore\Debug\libArduinoCore.a(cortex_handlers.o)
 .ARM.attributes
                0x000000ae       0x32 Y:\academic\UfG\LINOBYTE\repo\Firmware\Firmware-Prototype\Linobyte\ArduinoCore\Debug\libArduinoCore.a(delay.o)
 .ARM.attributes
                0x000000e0       0x32 Y:\academic\UfG\LINOBYTE\repo\Firmware\Firmware-Prototype\Linobyte\ArduinoCore\Debug\libArduinoCore.a(hooks.o)
 .ARM.attributes
                0x00000112       0x32 Y:\academic\UfG\LINOBYTE\repo\Firmware\Firmware-Prototype\Linobyte\ArduinoCore\Debug\libArduinoCore.a(main.o)
 .ARM.attributes
                0x00000144       0x32 Y:\academic\UfG\LINOBYTE\repo\Firmware\Firmware-Prototype\Linobyte\ArduinoCore\Debug\libArduinoCore.a(Reset.o)
 .ARM.attributes
                0x00000176       0x32 Y:\academic\UfG\LINOBYTE\repo\Firmware\Firmware-Prototype\Linobyte\ArduinoCore\Debug\libArduinoCore.a(startup.o)
 .ARM.attributes
                0x000001a8       0x32 Y:\academic\UfG\LINOBYTE\repo\Firmware\Firmware-Prototype\Linobyte\ArduinoCore\Debug\libArduinoCore.a(USBCore.o)
 .ARM.attributes
                0x000001da       0x32 Y:\academic\UfG\LINOBYTE\repo\Firmware\Firmware-Prototype\Linobyte\ArduinoCore\Debug\libArduinoCore.a(wiring.o)
 .ARM.attributes
                0x0000020c       0x32 Y:\academic\UfG\LINOBYTE\repo\Firmware\Firmware-Prototype\Linobyte\ArduinoCore\Debug\libArduinoCore.a(wiring_analog.o)
 .ARM.attributes
                0x0000023e       0x32 Y:\academic\UfG\LINOBYTE\repo\Firmware\Firmware-Prototype\Linobyte\ArduinoCore\Debug\libArduinoCore.a(wiring_digital.o)
 .ARM.attributes
                0x00000270       0x32 Y:\academic\UfG\LINOBYTE\repo\Firmware\Firmware-Prototype\Linobyte\ArduinoCore\Debug\libArduinoCore.a(wiring_private.o)
 .ARM.attributes
                0x000002a2       0x32 Y:\academic\UfG\LINOBYTE\repo\Firmware\Firmware-Prototype\Linobyte\ArduinoCore\Debug\libArduinoCore.a(variant.o)
 .ARM.attributes
                0x000002d4       0x32 Y:\academic\UfG\LINOBYTE\repo\Firmware\Firmware-Prototype\Linobyte\ArduinoCore\Debug\libArduinoCore.a(new.o)
 .ARM.attributes
                0x00000306       0x32 Y:\academic\UfG\LINOBYTE\repo\Firmware\Firmware-Prototype\Linobyte\ArduinoCore\Debug\libArduinoCore.a(SERCOM.o)
 .ARM.attributes
                0x00000338       0x32 Y:\academic\UfG\LINOBYTE\repo\Firmware\Firmware-Prototype\Linobyte\ArduinoCore\Debug\libArduinoCore.a(Uart.o)
 .ARM.attributes
                0x0000036a       0x32 Y:\academic\UfG\LINOBYTE\repo\Firmware\Firmware-Prototype\Linobyte\ArduinoCore\Debug\libArduinoCore.a(CDC.o)
 .ARM.attributes
                0x0000039c       0x32 Y:\academic\UfG\LINOBYTE\repo\Firmware\Firmware-Prototype\Linobyte\ArduinoCore\Debug\libArduinoCore.a(PluggableUSB.o)
 .ARM.attributes
                0x000003ce       0x32 Y:\academic\UfG\LINOBYTE\repo\Firmware\Firmware-Prototype\Linobyte\ArduinoCore\Debug\libArduinoCore.a(Print.o)
 .ARM.attributes
                0x00000400       0x1e c:/program files (x86)/atmel/studio/7.0/toolchain/arm/arm-gnu-toolchain/bin/../lib/gcc/arm-none-eabi/6.3.1/thumb/v6-m\libgcc.a(_thumb1_case_uqi.o)
 .ARM.attributes
                0x0000041e       0x1e c:/program files (x86)/atmel/studio/7.0/toolchain/arm/arm-gnu-toolchain/bin/../lib/gcc/arm-none-eabi/6.3.1/thumb/v6-m\libgcc.a(_udivsi3.o)
 .ARM.attributes
                0x0000043c       0x1e c:/program files (x86)/atmel/studio/7.0/toolchain/arm/arm-gnu-toolchain/bin/../lib/gcc/arm-none-eabi/6.3.1/thumb/v6-m\libgcc.a(_dvmd_tls.o)
 .ARM.attributes
                0x0000045a       0x2c c:/program files (x86)/atmel/studio/7.0/toolchain/arm/arm-gnu-toolchain/bin/../lib/gcc/arm-none-eabi/6.3.1/../../../../arm-none-eabi/lib/thumb/v6-m\libc_nano.a(lib_a-impure.o)
 .ARM.attributes
                0x00000486       0x2c c:/program files (x86)/atmel/studio/7.0/toolchain/arm/arm-gnu-toolchain/bin/../lib/gcc/arm-none-eabi/6.3.1/../../../../arm-none-eabi/lib/thumb/v6-m\libc_nano.a(lib_a-init.o)
 .ARM.attributes
                0x000004b2       0x2c c:/program files (x86)/atmel/studio/7.0/toolchain/arm/arm-gnu-toolchain/bin/../lib/gcc/arm-none-eabi/6.3.1/../../../../arm-none-eabi/lib/thumb/v6-m\libc_nano.a(lib_a-malloc.o)
 .ARM.attributes
                0x000004de       0x2c c:/program files (x86)/atmel/studio/7.0/toolchain/arm/arm-gnu-toolchain/bin/../lib/gcc/arm-none-eabi/6.3.1/../../../../arm-none-eabi/lib/thumb/v6-m\libc_nano.a(lib_a-memcpy-stub.o)
 .ARM.attributes
                0x0000050a       0x2c c:/program files (x86)/atmel/studio/7.0/toolchain/arm/arm-gnu-toolchain/bin/../lib/gcc/arm-none-eabi/6.3.1/../../../../arm-none-eabi/lib/thumb/v6-m\libc_nano.a(lib_a-memset.o)
 .ARM.attributes
                0x00000536       0x2c c:/program files (x86)/atmel/studio/7.0/toolchain/arm/arm-gnu-toolchain/bin/../lib/gcc/arm-none-eabi/6.3.1/../../../../arm-none-eabi/lib/thumb/v6-m\libc_nano.a(lib_a-nano-mallocr.o)
 .ARM.attributes
                0x00000562       0x2c c:/program files (x86)/atmel/studio/7.0/toolchain/arm/arm-gnu-toolchain/bin/../lib/gcc/arm-none-eabi/6.3.1/../../../../arm-none-eabi/lib/thumb/v6-m\libc_nano.a(lib_a-sbrkr.o)
 .ARM.attributes
                0x0000058e       0x1c c:/program files (x86)/atmel/studio/7.0/toolchain/arm/arm-gnu-toolchain/bin/../lib/gcc/arm-none-eabi/6.3.1/../../../../arm-none-eabi/lib/thumb/v6-m\libc_nano.a(lib_a-strlen.o)
 .ARM.attributes
                0x000005aa       0x2c c:/program files (x86)/atmel/studio/7.0/toolchain/arm/arm-gnu-toolchain/bin/../lib/gcc/arm-none-eabi/6.3.1/../../../../arm-none-eabi/lib/thumb/v6-m\libc_nano.a(lib_a-mlock.o)
 .ARM.attributes
                0x000005d6       0x2c c:/program files (x86)/atmel/studio/7.0/toolchain/arm/arm-gnu-toolchain/bin/../lib/gcc/arm-none-eabi/6.3.1/../../../../arm-none-eabi/lib/thumb/v6-m\libc_nano.a(lib_a-reent.o)
 .ARM.attributes
                0x00000602       0x2c c:/program files (x86)/atmel/studio/7.0/toolchain/arm/arm-gnu-toolchain/bin/../lib/gcc/arm-none-eabi/6.3.1/../../../../arm-none-eabi/lib/thumb/v6-m\libnosys.a(sbrk.o)
 .ARM.attributes
                0x0000062e       0x2c c:/program files (x86)/atmel/studio/7.0/toolchain/arm/arm-gnu-toolchain/bin/../lib/gcc/arm-none-eabi/6.3.1/thumb/v6-m/crtend.o
 .ARM.attributes
                0x0000065a       0x1e c:/program files (x86)/atmel/studio/7.0/toolchain/arm/arm-gnu-toolchain/bin/../lib/gcc/arm-none-eabi/6.3.1/thumb/v6-m/crtn.o

.comment        0x00000000       0x59
 .comment       0x00000000       0x59 Sketch.o
                                 0x5a (size before relaxing)
 .comment       0x00000059       0x5a Y:\academic\UfG\LINOBYTE\repo\Firmware\Firmware-Prototype\Linobyte\ArduinoCore\Debug\libArduinoCore.a(cortex_handlers.o)
 .comment       0x00000059       0x5a Y:\academic\UfG\LINOBYTE\repo\Firmware\Firmware-Prototype\Linobyte\ArduinoCore\Debug\libArduinoCore.a(delay.o)
 .comment       0x00000059       0x5a Y:\academic\UfG\LINOBYTE\repo\Firmware\Firmware-Prototype\Linobyte\ArduinoCore\Debug\libArduinoCore.a(hooks.o)
 .comment       0x00000059       0x5a Y:\academic\UfG\LINOBYTE\repo\Firmware\Firmware-Prototype\Linobyte\ArduinoCore\Debug\libArduinoCore.a(main.o)
 .comment       0x00000059       0x5a Y:\academic\UfG\LINOBYTE\repo\Firmware\Firmware-Prototype\Linobyte\ArduinoCore\Debug\libArduinoCore.a(Reset.o)
 .comment       0x00000059       0x5a Y:\academic\UfG\LINOBYTE\repo\Firmware\Firmware-Prototype\Linobyte\ArduinoCore\Debug\libArduinoCore.a(startup.o)
 .comment       0x00000059       0x5a Y:\academic\UfG\LINOBYTE\repo\Firmware\Firmware-Prototype\Linobyte\ArduinoCore\Debug\libArduinoCore.a(USBCore.o)
 .comment       0x00000059       0x5a Y:\academic\UfG\LINOBYTE\repo\Firmware\Firmware-Prototype\Linobyte\ArduinoCore\Debug\libArduinoCore.a(wiring.o)
 .comment       0x00000059       0x5a Y:\academic\UfG\LINOBYTE\repo\Firmware\Firmware-Prototype\Linobyte\ArduinoCore\Debug\libArduinoCore.a(wiring_analog.o)
 .comment       0x00000059       0x5a Y:\academic\UfG\LINOBYTE\repo\Firmware\Firmware-Prototype\Linobyte\ArduinoCore\Debug\libArduinoCore.a(wiring_digital.o)
 .comment       0x00000059       0x5a Y:\academic\UfG\LINOBYTE\repo\Firmware\Firmware-Prototype\Linobyte\ArduinoCore\Debug\libArduinoCore.a(wiring_private.o)
 .comment       0x00000059       0x5a Y:\academic\UfG\LINOBYTE\repo\Firmware\Firmware-Prototype\Linobyte\ArduinoCore\Debug\libArduinoCore.a(variant.o)
 .comment       0x00000059       0x5a Y:\academic\UfG\LINOBYTE\repo\Firmware\Firmware-Prototype\Linobyte\ArduinoCore\Debug\libArduinoCore.a(new.o)
 .comment       0x00000059       0x5a Y:\academic\UfG\LINOBYTE\repo\Firmware\Firmware-Prototype\Linobyte\ArduinoCore\Debug\libArduinoCore.a(SERCOM.o)
 .comment       0x00000059       0x5a Y:\academic\UfG\LINOBYTE\repo\Firmware\Firmware-Prototype\Linobyte\ArduinoCore\Debug\libArduinoCore.a(Uart.o)
 .comment       0x00000059       0x5a Y:\academic\UfG\LINOBYTE\repo\Firmware\Firmware-Prototype\Linobyte\ArduinoCore\Debug\libArduinoCore.a(CDC.o)
 .comment       0x00000059       0x5a Y:\academic\UfG\LINOBYTE\repo\Firmware\Firmware-Prototype\Linobyte\ArduinoCore\Debug\libArduinoCore.a(PluggableUSB.o)
 .comment       0x00000059       0x5a Y:\academic\UfG\LINOBYTE\repo\Firmware\Firmware-Prototype\Linobyte\ArduinoCore\Debug\libArduinoCore.a(Print.o)

.debug_info     0x00000000    0x4fd28
 .debug_info    0x00000000     0x4899 Sketch.o
 .debug_info    0x00004899     0x1264 Y:\academic\UfG\LINOBYTE\repo\Firmware\Firmware-Prototype\Linobyte\ArduinoCore\Debug\libArduinoCore.a(cortex_handlers.o)
 .debug_info    0x00005afd     0x14ab Y:\academic\UfG\LINOBYTE\repo\Firmware\Firmware-Prototype\Linobyte\ArduinoCore\Debug\libArduinoCore.a(delay.o)
 .debug_info    0x00006fa8       0x72 Y:\academic\UfG\LINOBYTE\repo\Firmware\Firmware-Prototype\Linobyte\ArduinoCore\Debug\libArduinoCore.a(hooks.o)
 .debug_info    0x0000701a     0x47ec Y:\academic\UfG\LINOBYTE\repo\Firmware\Firmware-Prototype\Linobyte\ArduinoCore\Debug\libArduinoCore.a(main.o)
 .debug_info    0x0000b806     0x4dd2 Y:\academic\UfG\LINOBYTE\repo\Firmware\Firmware-Prototype\Linobyte\ArduinoCore\Debug\libArduinoCore.a(Reset.o)
 .debug_info    0x000105d8     0x3880 Y:\academic\UfG\LINOBYTE\repo\Firmware\Firmware-Prototype\Linobyte\ArduinoCore\Debug\libArduinoCore.a(startup.o)
 .debug_info    0x00013e58     0xc4f0 Y:\academic\UfG\LINOBYTE\repo\Firmware\Firmware-Prototype\Linobyte\ArduinoCore\Debug\libArduinoCore.a(USBCore.o)
 .debug_info    0x00020348     0x303c Y:\academic\UfG\LINOBYTE\repo\Firmware\Firmware-Prototype\Linobyte\ArduinoCore\Debug\libArduinoCore.a(wiring.o)
 .debug_info    0x00023384     0x5480 Y:\academic\UfG\LINOBYTE\repo\Firmware\Firmware-Prototype\Linobyte\ArduinoCore\Debug\libArduinoCore.a(wiring_analog.o)
 .debug_info    0x00028804     0x1958 Y:\academic\UfG\LINOBYTE\repo\Firmware\Firmware-Prototype\Linobyte\ArduinoCore\Debug\libArduinoCore.a(wiring_digital.o)
 .debug_info    0x0002a15c     0x193b Y:\academic\UfG\LINOBYTE\repo\Firmware\Firmware-Prototype\Linobyte\ArduinoCore\Debug\libArduinoCore.a(wiring_private.o)
 .debug_info    0x0002ba97     0x6ad7 Y:\academic\UfG\LINOBYTE\repo\Firmware\Firmware-Prototype\Linobyte\ArduinoCore\Debug\libArduinoCore.a(variant.o)
 .debug_info    0x0003256e     0x107d Y:\academic\UfG\LINOBYTE\repo\Firmware\Firmware-Prototype\Linobyte\ArduinoCore\Debug\libArduinoCore.a(new.o)
 .debug_info    0x000335eb     0x52ad Y:\academic\UfG\LINOBYTE\repo\Firmware\Firmware-Prototype\Linobyte\ArduinoCore\Debug\libArduinoCore.a(SERCOM.o)
 .debug_info    0x00038898     0x7930 Y:\academic\UfG\LINOBYTE\repo\Firmware\Firmware-Prototype\Linobyte\ArduinoCore\Debug\libArduinoCore.a(Uart.o)
 .debug_info    0x000401c8     0x6fd6 Y:\academic\UfG\LINOBYTE\repo\Firmware\Firmware-Prototype\Linobyte\ArduinoCore\Debug\libArduinoCore.a(CDC.o)
 .debug_info    0x0004719e     0x1be0 Y:\academic\UfG\LINOBYTE\repo\Firmware\Firmware-Prototype\Linobyte\ArduinoCore\Debug\libArduinoCore.a(PluggableUSB.o)
 .debug_info    0x00048d7e     0x6faa Y:\academic\UfG\LINOBYTE\repo\Firmware\Firmware-Prototype\Linobyte\ArduinoCore\Debug\libArduinoCore.a(Print.o)

.debug_abbrev   0x00000000     0x5bd3
 .debug_abbrev  0x00000000      0x4f0 Sketch.o
 .debug_abbrev  0x000004f0      0x298 Y:\academic\UfG\LINOBYTE\repo\Firmware\Firmware-Prototype\Linobyte\ArduinoCore\Debug\libArduinoCore.a(cortex_handlers.o)
 .debug_abbrev  0x00000788      0x2bc Y:\academic\UfG\LINOBYTE\repo\Firmware\Firmware-Prototype\Linobyte\ArduinoCore\Debug\libArduinoCore.a(delay.o)
 .debug_abbrev  0x00000a44       0x4e Y:\academic\UfG\LINOBYTE\repo\Firmware\Firmware-Prototype\Linobyte\ArduinoCore\Debug\libArduinoCore.a(hooks.o)
 .debug_abbrev  0x00000a92      0x4c2 Y:\academic\UfG\LINOBYTE\repo\Firmware\Firmware-Prototype\Linobyte\ArduinoCore\Debug\libArduinoCore.a(main.o)
 .debug_abbrev  0x00000f54      0x56e Y:\academic\UfG\LINOBYTE\repo\Firmware\Firmware-Prototype\Linobyte\ArduinoCore\Debug\libArduinoCore.a(Reset.o)
 .debug_abbrev  0x000014c2      0x28f Y:\academic\UfG\LINOBYTE\repo\Firmware\Firmware-Prototype\Linobyte\ArduinoCore\Debug\libArduinoCore.a(startup.o)
 .debug_abbrev  0x00001751      0xb6b Y:\academic\UfG\LINOBYTE\repo\Firmware\Firmware-Prototype\Linobyte\ArduinoCore\Debug\libArduinoCore.a(USBCore.o)
 .debug_abbrev  0x000022bc      0x35c Y:\academic\UfG\LINOBYTE\repo\Firmware\Firmware-Prototype\Linobyte\ArduinoCore\Debug\libArduinoCore.a(wiring.o)
 .debug_abbrev  0x00002618      0x45f Y:\academic\UfG\LINOBYTE\repo\Firmware\Firmware-Prototype\Linobyte\ArduinoCore\Debug\libArduinoCore.a(wiring_analog.o)
 .debug_abbrev  0x00002a77      0x2fd Y:\academic\UfG\LINOBYTE\repo\Firmware\Firmware-Prototype\Linobyte\ArduinoCore\Debug\libArduinoCore.a(wiring_digital.o)
 .debug_abbrev  0x00002d74      0x2ea Y:\academic\UfG\LINOBYTE\repo\Firmware\Firmware-Prototype\Linobyte\ArduinoCore\Debug\libArduinoCore.a(wiring_private.o)
 .debug_abbrev  0x0000305e      0x4f2 Y:\academic\UfG\LINOBYTE\repo\Firmware\Firmware-Prototype\Linobyte\ArduinoCore\Debug\libArduinoCore.a(variant.o)
 .debug_abbrev  0x00003550      0x2e5 Y:\academic\UfG\LINOBYTE\repo\Firmware\Firmware-Prototype\Linobyte\ArduinoCore\Debug\libArduinoCore.a(new.o)
 .debug_abbrev  0x00003835      0x6c5 Y:\academic\UfG\LINOBYTE\repo\Firmware\Firmware-Prototype\Linobyte\ArduinoCore\Debug\libArduinoCore.a(SERCOM.o)
 .debug_abbrev  0x00003efa      0x7f1 Y:\academic\UfG\LINOBYTE\repo\Firmware\Firmware-Prototype\Linobyte\ArduinoCore\Debug\libArduinoCore.a(Uart.o)
 .debug_abbrev  0x000046eb      0x882 Y:\academic\UfG\LINOBYTE\repo\Firmware\Firmware-Prototype\Linobyte\ArduinoCore\Debug\libArduinoCore.a(CDC.o)
 .debug_abbrev  0x00004f6d      0x4d7 Y:\academic\UfG\LINOBYTE\repo\Firmware\Firmware-Prototype\Linobyte\ArduinoCore\Debug\libArduinoCore.a(PluggableUSB.o)
 .debug_abbrev  0x00005444      0x78f Y:\academic\UfG\LINOBYTE\repo\Firmware\Firmware-Prototype\Linobyte\ArduinoCore\Debug\libArduinoCore.a(Print.o)

.debug_loc      0x00000000     0x72cf
 .debug_loc     0x00000000      0x167 Sketch.o
 .debug_loc     0x00000167       0x9c Y:\academic\UfG\LINOBYTE\repo\Firmware\Firmware-Prototype\Linobyte\ArduinoCore\Debug\libArduinoCore.a(cortex_handlers.o)
 .debug_loc     0x00000203      0x169 Y:\academic\UfG\LINOBYTE\repo\Firmware\Firmware-Prototype\Linobyte\ArduinoCore\Debug\libArduinoCore.a(delay.o)
 .debug_loc     0x0000036c       0x20 Y:\academic\UfG\LINOBYTE\repo\Firmware\Firmware-Prototype\Linobyte\ArduinoCore\Debug\libArduinoCore.a(main.o)
 .debug_loc     0x0000038c       0x20 Y:\academic\UfG\LINOBYTE\repo\Firmware\Firmware-Prototype\Linobyte\ArduinoCore\Debug\libArduinoCore.a(Reset.o)
 .debug_loc     0x000003ac       0x4e Y:\academic\UfG\LINOBYTE\repo\Firmware\Firmware-Prototype\Linobyte\ArduinoCore\Debug\libArduinoCore.a(startup.o)
 .debug_loc     0x000003fa     0x2adc Y:\academic\UfG\LINOBYTE\repo\Firmware\Firmware-Prototype\Linobyte\ArduinoCore\Debug\libArduinoCore.a(USBCore.o)
 .debug_loc     0x00002ed6       0xcb Y:\academic\UfG\LINOBYTE\repo\Firmware\Firmware-Prototype\Linobyte\ArduinoCore\Debug\libArduinoCore.a(wiring.o)
 .debug_loc     0x00002fa1      0x5a6 Y:\academic\UfG\LINOBYTE\repo\Firmware\Firmware-Prototype\Linobyte\ArduinoCore\Debug\libArduinoCore.a(wiring_analog.o)
 .debug_loc     0x00003547      0x18c Y:\academic\UfG\LINOBYTE\repo\Firmware\Firmware-Prototype\Linobyte\ArduinoCore\Debug\libArduinoCore.a(wiring_digital.o)
 .debug_loc     0x000036d3      0x14e Y:\academic\UfG\LINOBYTE\repo\Firmware\Firmware-Prototype\Linobyte\ArduinoCore\Debug\libArduinoCore.a(wiring_private.o)
 .debug_loc     0x00003821       0x8a Y:\academic\UfG\LINOBYTE\repo\Firmware\Firmware-Prototype\Linobyte\ArduinoCore\Debug\libArduinoCore.a(variant.o)
 .debug_loc     0x000038ab       0x82 Y:\academic\UfG\LINOBYTE\repo\Firmware\Firmware-Prototype\Linobyte\ArduinoCore\Debug\libArduinoCore.a(new.o)
 .debug_loc     0x0000392d      0xd23 Y:\academic\UfG\LINOBYTE\repo\Firmware\Firmware-Prototype\Linobyte\ArduinoCore\Debug\libArduinoCore.a(SERCOM.o)
 .debug_loc     0x00004650      0xbb6 Y:\academic\UfG\LINOBYTE\repo\Firmware\Firmware-Prototype\Linobyte\ArduinoCore\Debug\libArduinoCore.a(Uart.o)
 .debug_loc     0x00005206      0x6ce Y:\academic\UfG\LINOBYTE\repo\Firmware\Firmware-Prototype\Linobyte\ArduinoCore\Debug\libArduinoCore.a(CDC.o)
 .debug_loc     0x000058d4      0x300 Y:\academic\UfG\LINOBYTE\repo\Firmware\Firmware-Prototype\Linobyte\ArduinoCore\Debug\libArduinoCore.a(PluggableUSB.o)
 .debug_loc     0x00005bd4     0x16fb Y:\academic\UfG\LINOBYTE\repo\Firmware\Firmware-Prototype\Linobyte\ArduinoCore\Debug\libArduinoCore.a(Print.o)

.debug_aranges  0x00000000      0x878
 .debug_aranges
                0x00000000       0x30 Sketch.o
 .debug_aranges
                0x00000030       0x40 Y:\academic\UfG\LINOBYTE\repo\Firmware\Firmware-Prototype\Linobyte\ArduinoCore\Debug\libArduinoCore.a(cortex_handlers.o)
 .debug_aranges
                0x00000070       0x38 Y:\academic\UfG\LINOBYTE\repo\Firmware\Firmware-Prototype\Linobyte\ArduinoCore\Debug\libArduinoCore.a(delay.o)
 .debug_aranges
                0x000000a8       0x30 Y:\academic\UfG\LINOBYTE\repo\Firmware\Firmware-Prototype\Linobyte\ArduinoCore\Debug\libArduinoCore.a(hooks.o)
 .debug_aranges
                0x000000d8       0x28 Y:\academic\UfG\LINOBYTE\repo\Firmware\Firmware-Prototype\Linobyte\ArduinoCore\Debug\libArduinoCore.a(main.o)
 .debug_aranges
                0x00000100       0x30 Y:\academic\UfG\LINOBYTE\repo\Firmware\Firmware-Prototype\Linobyte\ArduinoCore\Debug\libArduinoCore.a(Reset.o)
 .debug_aranges
                0x00000130       0x20 Y:\academic\UfG\LINOBYTE\repo\Firmware\Firmware-Prototype\Linobyte\ArduinoCore\Debug\libArduinoCore.a(startup.o)
 .debug_aranges
                0x00000150      0x168 Y:\academic\UfG\LINOBYTE\repo\Firmware\Firmware-Prototype\Linobyte\ArduinoCore\Debug\libArduinoCore.a(USBCore.o)
 .debug_aranges
                0x000002b8       0x20 Y:\academic\UfG\LINOBYTE\repo\Firmware\Firmware-Prototype\Linobyte\ArduinoCore\Debug\libArduinoCore.a(wiring.o)
 .debug_aranges
                0x000002d8       0x48 Y:\academic\UfG\LINOBYTE\repo\Firmware\Firmware-Prototype\Linobyte\ArduinoCore\Debug\libArduinoCore.a(wiring_analog.o)
 .debug_aranges
                0x00000320       0x30 Y:\academic\UfG\LINOBYTE\repo\Firmware\Firmware-Prototype\Linobyte\ArduinoCore\Debug\libArduinoCore.a(wiring_digital.o)
 .debug_aranges
                0x00000350       0x20 Y:\academic\UfG\LINOBYTE\repo\Firmware\Firmware-Prototype\Linobyte\ArduinoCore\Debug\libArduinoCore.a(wiring_private.o)
 .debug_aranges
                0x00000370       0x30 Y:\academic\UfG\LINOBYTE\repo\Firmware\Firmware-Prototype\Linobyte\ArduinoCore\Debug\libArduinoCore.a(variant.o)
 .debug_aranges
                0x000003a0       0x28 Y:\academic\UfG\LINOBYTE\repo\Firmware\Firmware-Prototype\Linobyte\ArduinoCore\Debug\libArduinoCore.a(new.o)
 .debug_aranges
                0x000003c8      0x1d8 Y:\academic\UfG\LINOBYTE\repo\Firmware\Firmware-Prototype\Linobyte\ArduinoCore\Debug\libArduinoCore.a(SERCOM.o)
 .debug_aranges
                0x000005a0       0xb0 Y:\academic\UfG\LINOBYTE\repo\Firmware\Firmware-Prototype\Linobyte\ArduinoCore\Debug\libArduinoCore.a(Uart.o)
 .debug_aranges
                0x00000650       0xd8 Y:\academic\UfG\LINOBYTE\repo\Firmware\Firmware-Prototype\Linobyte\ArduinoCore\Debug\libArduinoCore.a(CDC.o)
 .debug_aranges
                0x00000728       0x50 Y:\academic\UfG\LINOBYTE\repo\Firmware\Firmware-Prototype\Linobyte\ArduinoCore\Debug\libArduinoCore.a(PluggableUSB.o)
 .debug_aranges
                0x00000778      0x100 Y:\academic\UfG\LINOBYTE\repo\Firmware\Firmware-Prototype\Linobyte\ArduinoCore\Debug\libArduinoCore.a(Print.o)

.debug_ranges   0x00000000     0x1178
 .debug_ranges  0x00000000       0x20 Sketch.o
 .debug_ranges  0x00000020       0x30 Y:\academic\UfG\LINOBYTE\repo\Firmware\Firmware-Prototype\Linobyte\ArduinoCore\Debug\libArduinoCore.a(cortex_handlers.o)
 .debug_ranges  0x00000050       0x28 Y:\academic\UfG\LINOBYTE\repo\Firmware\Firmware-Prototype\Linobyte\ArduinoCore\Debug\libArduinoCore.a(delay.o)
 .debug_ranges  0x00000078       0x20 Y:\academic\UfG\LINOBYTE\repo\Firmware\Firmware-Prototype\Linobyte\ArduinoCore\Debug\libArduinoCore.a(hooks.o)
 .debug_ranges  0x00000098       0x18 Y:\academic\UfG\LINOBYTE\repo\Firmware\Firmware-Prototype\Linobyte\ArduinoCore\Debug\libArduinoCore.a(main.o)
 .debug_ranges  0x000000b0       0x38 Y:\academic\UfG\LINOBYTE\repo\Firmware\Firmware-Prototype\Linobyte\ArduinoCore\Debug\libArduinoCore.a(Reset.o)
 .debug_ranges  0x000000e8       0x10 Y:\academic\UfG\LINOBYTE\repo\Firmware\Firmware-Prototype\Linobyte\ArduinoCore\Debug\libArduinoCore.a(startup.o)
 .debug_ranges  0x000000f8      0x790 Y:\academic\UfG\LINOBYTE\repo\Firmware\Firmware-Prototype\Linobyte\ArduinoCore\Debug\libArduinoCore.a(USBCore.o)
 .debug_ranges  0x00000888       0x28 Y:\academic\UfG\LINOBYTE\repo\Firmware\Firmware-Prototype\Linobyte\ArduinoCore\Debug\libArduinoCore.a(wiring.o)
 .debug_ranges  0x000008b0       0x98 Y:\academic\UfG\LINOBYTE\repo\Firmware\Firmware-Prototype\Linobyte\ArduinoCore\Debug\libArduinoCore.a(wiring_analog.o)
 .debug_ranges  0x00000948       0x20 Y:\academic\UfG\LINOBYTE\repo\Firmware\Firmware-Prototype\Linobyte\ArduinoCore\Debug\libArduinoCore.a(wiring_digital.o)
 .debug_ranges  0x00000968       0x30 Y:\academic\UfG\LINOBYTE\repo\Firmware\Firmware-Prototype\Linobyte\ArduinoCore\Debug\libArduinoCore.a(wiring_private.o)
 .debug_ranges  0x00000998       0x20 Y:\academic\UfG\LINOBYTE\repo\Firmware\Firmware-Prototype\Linobyte\ArduinoCore\Debug\libArduinoCore.a(variant.o)
 .debug_ranges  0x000009b8       0x18 Y:\academic\UfG\LINOBYTE\repo\Firmware\Firmware-Prototype\Linobyte\ArduinoCore\Debug\libArduinoCore.a(new.o)
 .debug_ranges  0x000009d0      0x268 Y:\academic\UfG\LINOBYTE\repo\Firmware\Firmware-Prototype\Linobyte\ArduinoCore\Debug\libArduinoCore.a(SERCOM.o)
 .debug_ranges  0x00000c38      0x270 Y:\academic\UfG\LINOBYTE\repo\Firmware\Firmware-Prototype\Linobyte\ArduinoCore\Debug\libArduinoCore.a(Uart.o)
 .debug_ranges  0x00000ea8       0xf8 Y:\academic\UfG\LINOBYTE\repo\Firmware\Firmware-Prototype\Linobyte\ArduinoCore\Debug\libArduinoCore.a(CDC.o)
 .debug_ranges  0x00000fa0       0x58 Y:\academic\UfG\LINOBYTE\repo\Firmware\Firmware-Prototype\Linobyte\ArduinoCore\Debug\libArduinoCore.a(PluggableUSB.o)
 .debug_ranges  0x00000ff8      0x180 Y:\academic\UfG\LINOBYTE\repo\Firmware\Firmware-Prototype\Linobyte\ArduinoCore\Debug\libArduinoCore.a(Print.o)

.debug_macro    0x00000000    0x1bf6e
 .debug_macro   0x00000000      0x6b0 Sketch.o
 .debug_macro   0x000006b0      0x982 Sketch.o
 .debug_macro   0x00001032       0x16 Sketch.o
 .debug_macro   0x00001048       0x1c Sketch.o
 .debug_macro   0x00001064       0x22 Sketch.o
 .debug_macro   0x00001086       0x87 Sketch.o
 .debug_macro   0x0000110d       0x51 Sketch.o
 .debug_macro   0x0000115e       0xef Sketch.o
 .debug_macro   0x0000124d       0x6a Sketch.o
 .debug_macro   0x000012b7      0x1df Sketch.o
 .debug_macro   0x00001496      0x143 Sketch.o
 .debug_macro   0x000015d9       0x10 Sketch.o
 .debug_macro   0x000015e9      0x3c3 Sketch.o
 .debug_macro   0x000019ac       0x10 Sketch.o
 .debug_macro   0x000019bc       0x58 Sketch.o
 .debug_macro   0x00001a14       0x35 Sketch.o
 .debug_macro   0x00001a49       0x9c Sketch.o
 .debug_macro   0x00001ae5       0x16 Sketch.o
 .debug_macro   0x00001afb      0x10e Sketch.o
 .debug_macro   0x00001c09       0x94 Sketch.o
 .debug_macro   0x00001c9d       0x58 Sketch.o
 .debug_macro   0x00001cf5       0x1f Sketch.o
 .debug_macro   0x00001d14       0x43 Sketch.o
 .debug_macro   0x00001d57       0x20 Sketch.o
 .debug_macro   0x00001d77      0x187 Sketch.o
 .debug_macro   0x00001efe      0x353 Sketch.o
 .debug_macro   0x00002251       0x16 Sketch.o
 .debug_macro   0x00002267       0x29 Sketch.o
 .debug_macro   0x00002290       0xea Sketch.o
 .debug_macro   0x0000237a       0x16 Sketch.o
 .debug_macro   0x00002390       0x35 Sketch.o
 .debug_macro   0x000023c5       0x18 Sketch.o
 .debug_macro   0x000023dd      0x1da Sketch.o
 .debug_macro   0x000025b7      0x3d3 Sketch.o
 .debug_macro   0x0000298a       0x10 Sketch.o
 .debug_macro   0x0000299a      0x45d Sketch.o
 .debug_macro   0x00002df7      0x190 Sketch.o
 .debug_macro   0x00002f87       0x1c Sketch.o
 .debug_macro   0x00002fa3      0xd93 Sketch.o
 .debug_macro   0x00003d36      0x2e6 Sketch.o
 .debug_macro   0x0000401c       0x40 Sketch.o
 .debug_macro   0x0000405c       0x28 Sketch.o
 .debug_macro   0x00004084       0x85 Sketch.o
 .debug_macro   0x00004109      0x375 Sketch.o
 .debug_macro   0x0000447e      0x682 Sketch.o
 .debug_macro   0x00004b00      0x8bf Sketch.o
 .debug_macro   0x000053bf      0x235 Sketch.o
 .debug_macro   0x000055f4      0xd6a Sketch.o
 .debug_macro   0x0000635e      0x4ce Sketch.o
 .debug_macro   0x0000682c      0x9f8 Sketch.o
 .debug_macro   0x00007224      0x82b Sketch.o
 .debug_macro   0x00007a4f      0x45f Sketch.o
 .debug_macro   0x00007eae       0x5e Sketch.o
 .debug_macro   0x00007f0c      0x906 Sketch.o
 .debug_macro   0x00008812      0x225 Sketch.o
 .debug_macro   0x00008a37      0x797 Sketch.o
 .debug_macro   0x000091ce       0x5e Sketch.o
 .debug_macro   0x0000922c      0x634 Sketch.o
 .debug_macro   0x00009860      0x3b6 Sketch.o
 .debug_macro   0x00009c16      0xc55 Sketch.o
 .debug_macro   0x0000a86b     0x1092 Sketch.o
 .debug_macro   0x0000b8fd      0xc4a Sketch.o
 .debug_macro   0x0000c547      0x6bf Sketch.o
 .debug_macro   0x0000cc06     0x1b4b Sketch.o
 .debug_macro   0x0000e751     0x144a Sketch.o
 .debug_macro   0x0000fb9b      0x34e Sketch.o
 .debug_macro   0x0000fee9       0x7c Sketch.o
 .debug_macro   0x0000ff65       0xa0 Sketch.o
 .debug_macro   0x00010005       0x4c Sketch.o
 .debug_macro   0x00010051       0xca Sketch.o
 .debug_macro   0x0001011b       0x94 Sketch.o
 .debug_macro   0x000101af       0x58 Sketch.o
 .debug_macro   0x00010207      0x364 Sketch.o
 .debug_macro   0x0001056b       0x82 Sketch.o
 .debug_macro   0x000105ed      0x197 Sketch.o
 .debug_macro   0x00010784       0xb8 Sketch.o
 .debug_macro   0x0001083c       0xa0 Sketch.o
 .debug_macro   0x000108dc       0xb2 Sketch.o
 .debug_macro   0x0001098e       0x1c Sketch.o
 .debug_macro   0x000109aa       0x1c Sketch.o
 .debug_macro   0x000109c6       0x1c Sketch.o
 .debug_macro   0x000109e2       0x7c Sketch.o
 .debug_macro   0x00010a5e      0x161 Sketch.o
 .debug_macro   0x00010bbf       0xdc Sketch.o
 .debug_macro   0x00010c9b      0x12f Sketch.o
 .debug_macro   0x00010dca      0x12f Sketch.o
 .debug_macro   0x00010ef9      0x12f Sketch.o
 .debug_macro   0x00011028      0x12f Sketch.o
 .debug_macro   0x00011157      0x12f Sketch.o
 .debug_macro   0x00011286      0x12f Sketch.o
 .debug_macro   0x000113b5      0x11e Sketch.o
 .debug_macro   0x000114d3       0xe2 Sketch.o
 .debug_macro   0x000115b5       0xe2 Sketch.o
 .debug_macro   0x00011697       0xe2 Sketch.o
 .debug_macro   0x00011779      0x12c Sketch.o
 .debug_macro   0x000118a5      0x100 Sketch.o
 .debug_macro   0x000119a5       0xf4 Sketch.o
 .debug_macro   0x00011a99      0x40f Sketch.o
 .debug_macro   0x00011ea8       0x40 Sketch.o
 .debug_macro   0x00011ee8      0x361 Sketch.o
 .debug_macro   0x00012249     0x16ea Sketch.o
 .debug_macro   0x00013933       0x6d Sketch.o
 .debug_macro   0x000139a0       0x5e Sketch.o
 .debug_macro   0x000139fe       0x16 Sketch.o
 .debug_macro   0x00013a14      0x151 Sketch.o
 .debug_macro   0x00013b65       0x4c Sketch.o
 .debug_macro   0x00013bb1       0x10 Sketch.o
 .debug_macro   0x00013bc1       0x1c Sketch.o
 .debug_macro   0x00013bdd       0x10 Sketch.o
 .debug_macro   0x00013bed       0x10 Sketch.o
 .debug_macro   0x00013bfd       0x1c Sketch.o
 .debug_macro   0x00013c19       0x52 Sketch.o
 .debug_macro   0x00013c6b       0x40 Sketch.o
 .debug_macro   0x00013cab       0x10 Sketch.o
 .debug_macro   0x00013cbb       0x40 Sketch.o
 .debug_macro   0x00013cfb       0xd7 Sketch.o
 .debug_macro   0x00013dd2       0x16 Sketch.o
 .debug_macro   0x00013de8      0x18b Sketch.o
 .debug_macro   0x00013f73       0x1c Sketch.o
 .debug_macro   0x00013f8f       0x11 Sketch.o
 .debug_macro   0x00013fa0       0xe2 Sketch.o
 .debug_macro   0x00014082       0x1c Sketch.o
 .debug_macro   0x0001409e       0x16 Sketch.o
 .debug_macro   0x000140b4       0x10 Sketch.o
 .debug_macro   0x000140c4       0x28 Sketch.o
 .debug_macro   0x000140ec      0x185 Sketch.o
 .debug_macro   0x00014271       0x28 Sketch.o
 .debug_macro   0x00014299       0x70 Sketch.o
 .debug_macro   0x00014309       0x6a Sketch.o
 .debug_macro   0x00014373      0x1d9 Sketch.o
 .debug_macro   0x0001454c       0x2e Sketch.o
 .debug_macro   0x0001457a      0x17e Sketch.o
 .debug_macro   0x000146f8       0x22 Sketch.o
 .debug_macro   0x0001471a      0x45c Y:\academic\UfG\LINOBYTE\repo\Firmware\Firmware-Prototype\Linobyte\ArduinoCore\Debug\libArduinoCore.a(cortex_handlers.o)
 .debug_macro   0x00014b76      0x8e0 Y:\academic\UfG\LINOBYTE\repo\Firmware\Firmware-Prototype\Linobyte\ArduinoCore\Debug\libArduinoCore.a(cortex_handlers.o)
 .debug_macro   0x00015456       0x3a Y:\academic\UfG\LINOBYTE\repo\Firmware\Firmware-Prototype\Linobyte\ArduinoCore\Debug\libArduinoCore.a(cortex_handlers.o)
 .debug_macro   0x00015490      0x375 Y:\academic\UfG\LINOBYTE\repo\Firmware\Firmware-Prototype\Linobyte\ArduinoCore\Debug\libArduinoCore.a(cortex_handlers.o)
 .debug_macro   0x00015805       0x9c Y:\academic\UfG\LINOBYTE\repo\Firmware\Firmware-Prototype\Linobyte\ArduinoCore\Debug\libArduinoCore.a(cortex_handlers.o)
 .debug_macro   0x000158a1       0x16 Y:\academic\UfG\LINOBYTE\repo\Firmware\Firmware-Prototype\Linobyte\ArduinoCore\Debug\libArduinoCore.a(cortex_handlers.o)
 .debug_macro   0x000158b7       0x97 Y:\academic\UfG\LINOBYTE\repo\Firmware\Firmware-Prototype\Linobyte\ArduinoCore\Debug\libArduinoCore.a(cortex_handlers.o)
 .debug_macro   0x0001594e      0x330 Y:\academic\UfG\LINOBYTE\repo\Firmware\Firmware-Prototype\Linobyte\ArduinoCore\Debug\libArduinoCore.a(cortex_handlers.o)
 .debug_macro   0x00015c7e       0xfd Y:\academic\UfG\LINOBYTE\repo\Firmware\Firmware-Prototype\Linobyte\ArduinoCore\Debug\libArduinoCore.a(cortex_handlers.o)
 .debug_macro   0x00015d7b       0x43 Y:\academic\UfG\LINOBYTE\repo\Firmware\Firmware-Prototype\Linobyte\ArduinoCore\Debug\libArduinoCore.a(cortex_handlers.o)
 .debug_macro   0x00015dbe      0x4d5 Y:\academic\UfG\LINOBYTE\repo\Firmware\Firmware-Prototype\Linobyte\ArduinoCore\Debug\libArduinoCore.a(delay.o)
 .debug_macro   0x00016293       0x22 Y:\academic\UfG\LINOBYTE\repo\Firmware\Firmware-Prototype\Linobyte\ArduinoCore\Debug\libArduinoCore.a(delay.o)
 .debug_macro   0x000162b5      0x10e Y:\academic\UfG\LINOBYTE\repo\Firmware\Firmware-Prototype\Linobyte\ArduinoCore\Debug\libArduinoCore.a(delay.o)
 .debug_macro   0x000163c3       0x8d Y:\academic\UfG\LINOBYTE\repo\Firmware\Firmware-Prototype\Linobyte\ArduinoCore\Debug\libArduinoCore.a(delay.o)
 .debug_macro   0x00016450       0x35 Y:\academic\UfG\LINOBYTE\repo\Firmware\Firmware-Prototype\Linobyte\ArduinoCore\Debug\libArduinoCore.a(delay.o)
 .debug_macro   0x00016485      0x1e1 Y:\academic\UfG\LINOBYTE\repo\Firmware\Firmware-Prototype\Linobyte\ArduinoCore\Debug\libArduinoCore.a(delay.o)
 .debug_macro   0x00016666       0x11 Y:\academic\UfG\LINOBYTE\repo\Firmware\Firmware-Prototype\Linobyte\ArduinoCore\Debug\libArduinoCore.a(hooks.o)
 .debug_macro   0x00016677      0x6b6 Y:\academic\UfG\LINOBYTE\repo\Firmware\Firmware-Prototype\Linobyte\ArduinoCore\Debug\libArduinoCore.a(main.o)
 .debug_macro   0x00016d2d      0x6c1 Y:\academic\UfG\LINOBYTE\repo\Firmware\Firmware-Prototype\Linobyte\ArduinoCore\Debug\libArduinoCore.a(Reset.o)
 .debug_macro   0x000173ee      0x480 Y:\academic\UfG\LINOBYTE\repo\Firmware\Firmware-Prototype\Linobyte\ArduinoCore\Debug\libArduinoCore.a(startup.o)
 .debug_macro   0x0001786e      0x735 Y:\academic\UfG\LINOBYTE\repo\Firmware\Firmware-Prototype\Linobyte\ArduinoCore\Debug\libArduinoCore.a(USBCore.o)
 .debug_macro   0x00017fa3       0x2b Y:\academic\UfG\LINOBYTE\repo\Firmware\Firmware-Prototype\Linobyte\ArduinoCore\Debug\libArduinoCore.a(USBCore.o)
 .debug_macro   0x00017fce       0xee Y:\academic\UfG\LINOBYTE\repo\Firmware\Firmware-Prototype\Linobyte\ArduinoCore\Debug\libArduinoCore.a(USBCore.o)
 .debug_macro   0x000180bc      0x4c8 Y:\academic\UfG\LINOBYTE\repo\Firmware\Firmware-Prototype\Linobyte\ArduinoCore\Debug\libArduinoCore.a(wiring.o)
 .debug_macro   0x00018584      0x19d Y:\academic\UfG\LINOBYTE\repo\Firmware\Firmware-Prototype\Linobyte\ArduinoCore\Debug\libArduinoCore.a(wiring.o)
 .debug_macro   0x00018721      0x58c Y:\academic\UfG\LINOBYTE\repo\Firmware\Firmware-Prototype\Linobyte\ArduinoCore\Debug\libArduinoCore.a(wiring_analog.o)
 .debug_macro   0x00018cad       0x4c Y:\academic\UfG\LINOBYTE\repo\Firmware\Firmware-Prototype\Linobyte\ArduinoCore\Debug\libArduinoCore.a(wiring_analog.o)
 .debug_macro   0x00018cf9      0x4c8 Y:\academic\UfG\LINOBYTE\repo\Firmware\Firmware-Prototype\Linobyte\ArduinoCore\Debug\libArduinoCore.a(wiring_digital.o)
 .debug_macro   0x000191c1      0x58c Y:\academic\UfG\LINOBYTE\repo\Firmware\Firmware-Prototype\Linobyte\ArduinoCore\Debug\libArduinoCore.a(wiring_private.o)
 .debug_macro   0x0001974d      0x587 Y:\academic\UfG\LINOBYTE\repo\Firmware\Firmware-Prototype\Linobyte\ArduinoCore\Debug\libArduinoCore.a(variant.o)
 .debug_macro   0x00019cd4       0x82 Y:\academic\UfG\LINOBYTE\repo\Firmware\Firmware-Prototype\Linobyte\ArduinoCore\Debug\libArduinoCore.a(variant.o)
 .debug_macro   0x00019d56       0xa2 Y:\academic\UfG\LINOBYTE\repo\Firmware\Firmware-Prototype\Linobyte\ArduinoCore\Debug\libArduinoCore.a(variant.o)
 .debug_macro   0x00019df8       0x97 Y:\academic\UfG\LINOBYTE\repo\Firmware\Firmware-Prototype\Linobyte\ArduinoCore\Debug\libArduinoCore.a(variant.o)
 .debug_macro   0x00019e8f      0x196 Y:\academic\UfG\LINOBYTE\repo\Firmware\Firmware-Prototype\Linobyte\ArduinoCore\Debug\libArduinoCore.a(variant.o)
 .debug_macro   0x0001a025      0x132 Y:\academic\UfG\LINOBYTE\repo\Firmware\Firmware-Prototype\Linobyte\ArduinoCore\Debug\libArduinoCore.a(new.o)
 .debug_macro   0x0001a157       0x52 Y:\academic\UfG\LINOBYTE\repo\Firmware\Firmware-Prototype\Linobyte\ArduinoCore\Debug\libArduinoCore.a(new.o)
 .debug_macro   0x0001a1a9       0x8d Y:\academic\UfG\LINOBYTE\repo\Firmware\Firmware-Prototype\Linobyte\ArduinoCore\Debug\libArduinoCore.a(new.o)
 .debug_macro   0x0001a236       0x57 Y:\academic\UfG\LINOBYTE\repo\Firmware\Firmware-Prototype\Linobyte\ArduinoCore\Debug\libArduinoCore.a(new.o)
 .debug_macro   0x0001a28d      0x599 Y:\academic\UfG\LINOBYTE\repo\Firmware\Firmware-Prototype\Linobyte\ArduinoCore\Debug\libArduinoCore.a(SERCOM.o)
 .debug_macro   0x0001a826       0x10 Y:\academic\UfG\LINOBYTE\repo\Firmware\Firmware-Prototype\Linobyte\ArduinoCore\Debug\libArduinoCore.a(SERCOM.o)
 .debug_macro   0x0001a836      0x6d1 Y:\academic\UfG\LINOBYTE\repo\Firmware\Firmware-Prototype\Linobyte\ArduinoCore\Debug\libArduinoCore.a(Uart.o)
 .debug_macro   0x0001af07      0x6d0 Y:\academic\UfG\LINOBYTE\repo\Firmware\Firmware-Prototype\Linobyte\ArduinoCore\Debug\libArduinoCore.a(CDC.o)
 .debug_macro   0x0001b5d7      0x2e1 Y:\academic\UfG\LINOBYTE\repo\Firmware\Firmware-Prototype\Linobyte\ArduinoCore\Debug\libArduinoCore.a(PluggableUSB.o)
 .debug_macro   0x0001b8b8      0x6b6 Y:\academic\UfG\LINOBYTE\repo\Firmware\Firmware-Prototype\Linobyte\ArduinoCore\Debug\libArduinoCore.a(Print.o)

.debug_line     0x00000000     0xc9c6
 .debug_line    0x00000000      0xcce Sketch.o
 .debug_line    0x00000cce      0x7c8 Y:\academic\UfG\LINOBYTE\repo\Firmware\Firmware-Prototype\Linobyte\ArduinoCore\Debug\libArduinoCore.a(cortex_handlers.o)
 .debug_line    0x00001496      0x8bc Y:\academic\UfG\LINOBYTE\repo\Firmware\Firmware-Prototype\Linobyte\ArduinoCore\Debug\libArduinoCore.a(delay.o)
 .debug_line    0x00001d52       0x63 Y:\academic\UfG\LINOBYTE\repo\Firmware\Firmware-Prototype\Linobyte\ArduinoCore\Debug\libArduinoCore.a(hooks.o)
 .debug_line    0x00001db5      0xc06 Y:\academic\UfG\LINOBYTE\repo\Firmware\Firmware-Prototype\Linobyte\ArduinoCore\Debug\libArduinoCore.a(main.o)
 .debug_line    0x000029bb      0xc5f Y:\academic\UfG\LINOBYTE\repo\Firmware\Firmware-Prototype\Linobyte\ArduinoCore\Debug\libArduinoCore.a(Reset.o)
 .debug_line    0x0000361a      0x7ea Y:\academic\UfG\LINOBYTE\repo\Firmware\Firmware-Prototype\Linobyte\ArduinoCore\Debug\libArduinoCore.a(startup.o)
 .debug_line    0x00003e04     0x16ef Y:\academic\UfG\LINOBYTE\repo\Firmware\Firmware-Prototype\Linobyte\ArduinoCore\Debug\libArduinoCore.a(USBCore.o)
 .debug_line    0x000054f3      0x8a2 Y:\academic\UfG\LINOBYTE\repo\Firmware\Firmware-Prototype\Linobyte\ArduinoCore\Debug\libArduinoCore.a(wiring.o)
 .debug_line    0x00005d95      0xa9a Y:\academic\UfG\LINOBYTE\repo\Firmware\Firmware-Prototype\Linobyte\ArduinoCore\Debug\libArduinoCore.a(wiring_analog.o)
 .debug_line    0x0000682f      0x893 Y:\academic\UfG\LINOBYTE\repo\Firmware\Firmware-Prototype\Linobyte\ArduinoCore\Debug\libArduinoCore.a(wiring_digital.o)
 .debug_line    0x000070c2      0x92f Y:\academic\UfG\LINOBYTE\repo\Firmware\Firmware-Prototype\Linobyte\ArduinoCore\Debug\libArduinoCore.a(wiring_private.o)
 .debug_line    0x000079f1      0x9c0 Y:\academic\UfG\LINOBYTE\repo\Firmware\Firmware-Prototype\Linobyte\ArduinoCore\Debug\libArduinoCore.a(variant.o)
 .debug_line    0x000083b1      0x3fb Y:\academic\UfG\LINOBYTE\repo\Firmware\Firmware-Prototype\Linobyte\ArduinoCore\Debug\libArduinoCore.a(new.o)
 .debug_line    0x000087ac      0xf0c Y:\academic\UfG\LINOBYTE\repo\Firmware\Firmware-Prototype\Linobyte\ArduinoCore\Debug\libArduinoCore.a(SERCOM.o)
 .debug_line    0x000096b8      0xed9 Y:\academic\UfG\LINOBYTE\repo\Firmware\Firmware-Prototype\Linobyte\ArduinoCore\Debug\libArduinoCore.a(Uart.o)
 .debug_line    0x0000a591      0xe39 Y:\academic\UfG\LINOBYTE\repo\Firmware\Firmware-Prototype\Linobyte\ArduinoCore\Debug\libArduinoCore.a(CDC.o)
 .debug_line    0x0000b3ca      0x6e1 Y:\academic\UfG\LINOBYTE\repo\Firmware\Firmware-Prototype\Linobyte\ArduinoCore\Debug\libArduinoCore.a(PluggableUSB.o)
 .debug_line    0x0000baab      0xf1b Y:\academic\UfG\LINOBYTE\repo\Firmware\Firmware-Prototype\Linobyte\ArduinoCore\Debug\libArduinoCore.a(Print.o)
